Archive member included to satisfy reference by file (symbol)

c:/st/stm32cubeide_1.12.1/stm32cubeide/plugins/com.st.stm32cube.ide.mcu.externaltools.gnu-tools-for-stm32.10.3-2021.10.win32_1.0.200.202301161003/tools/bin/../lib/gcc/arm-none-eabi/10.3.1/../../../../arm-none-eabi/lib/thumb/v7e-m+fp/hard\libc_nano.a(lib_a-errno.o)
                              ./Core/Src/syscalls.o (__errno)
c:/st/stm32cubeide_1.12.1/stm32cubeide/plugins/com.st.stm32cube.ide.mcu.externaltools.gnu-tools-for-stm32.10.3-2021.10.win32_1.0.200.202301161003/tools/bin/../lib/gcc/arm-none-eabi/10.3.1/../../../../arm-none-eabi/lib/thumb/v7e-m+fp/hard\libc_nano.a(lib_a-exit.o)
                              c:/st/stm32cubeide_1.12.1/stm32cubeide/plugins/com.st.stm32cube.ide.mcu.externaltools.gnu-tools-for-stm32.10.3-2021.10.win32_1.0.200.202301161003/tools/bin/../lib/gcc/arm-none-eabi/10.3.1/../../../../arm-none-eabi/lib/thumb/v7e-m+fp/hard/crt0.o (exit)
c:/st/stm32cubeide_1.12.1/stm32cubeide/plugins/com.st.stm32cube.ide.mcu.externaltools.gnu-tools-for-stm32.10.3-2021.10.win32_1.0.200.202301161003/tools/bin/../lib/gcc/arm-none-eabi/10.3.1/../../../../arm-none-eabi/lib/thumb/v7e-m+fp/hard\libc_nano.a(lib_a-impure.o)
                              c:/st/stm32cubeide_1.12.1/stm32cubeide/plugins/com.st.stm32cube.ide.mcu.externaltools.gnu-tools-for-stm32.10.3-2021.10.win32_1.0.200.202301161003/tools/bin/../lib/gcc/arm-none-eabi/10.3.1/../../../../arm-none-eabi/lib/thumb/v7e-m+fp/hard\libc_nano.a(lib_a-exit.o) (_global_impure_ptr)
c:/st/stm32cubeide_1.12.1/stm32cubeide/plugins/com.st.stm32cube.ide.mcu.externaltools.gnu-tools-for-stm32.10.3-2021.10.win32_1.0.200.202301161003/tools/bin/../lib/gcc/arm-none-eabi/10.3.1/../../../../arm-none-eabi/lib/thumb/v7e-m+fp/hard\libc_nano.a(lib_a-init.o)
                              c:/st/stm32cubeide_1.12.1/stm32cubeide/plugins/com.st.stm32cube.ide.mcu.externaltools.gnu-tools-for-stm32.10.3-2021.10.win32_1.0.200.202301161003/tools/bin/../lib/gcc/arm-none-eabi/10.3.1/../../../../arm-none-eabi/lib/thumb/v7e-m+fp/hard/crt0.o (__libc_init_array)
c:/st/stm32cubeide_1.12.1/stm32cubeide/plugins/com.st.stm32cube.ide.mcu.externaltools.gnu-tools-for-stm32.10.3-2021.10.win32_1.0.200.202301161003/tools/bin/../lib/gcc/arm-none-eabi/10.3.1/../../../../arm-none-eabi/lib/thumb/v7e-m+fp/hard\libc_nano.a(lib_a-memset.o)
                              c:/st/stm32cubeide_1.12.1/stm32cubeide/plugins/com.st.stm32cube.ide.mcu.externaltools.gnu-tools-for-stm32.10.3-2021.10.win32_1.0.200.202301161003/tools/bin/../lib/gcc/arm-none-eabi/10.3.1/../../../../arm-none-eabi/lib/thumb/v7e-m+fp/hard/crt0.o (memset)
c:/st/stm32cubeide_1.12.1/stm32cubeide/plugins/com.st.stm32cube.ide.mcu.externaltools.gnu-tools-for-stm32.10.3-2021.10.win32_1.0.200.202301161003/tools/bin/../lib/gcc/arm-none-eabi/10.3.1/thumb/v7e-m+fp/hard\libgcc.a(_aeabi_uldivmod.o)
                              ./Drivers/STM32F4xx_HAL_Driver/Src/stm32f4xx_hal_rcc.o (__aeabi_uldivmod)
c:/st/stm32cubeide_1.12.1/stm32cubeide/plugins/com.st.stm32cube.ide.mcu.externaltools.gnu-tools-for-stm32.10.3-2021.10.win32_1.0.200.202301161003/tools/bin/../lib/gcc/arm-none-eabi/10.3.1/thumb/v7e-m+fp/hard\libgcc.a(_udivmoddi4.o)
                              c:/st/stm32cubeide_1.12.1/stm32cubeide/plugins/com.st.stm32cube.ide.mcu.externaltools.gnu-tools-for-stm32.10.3-2021.10.win32_1.0.200.202301161003/tools/bin/../lib/gcc/arm-none-eabi/10.3.1/thumb/v7e-m+fp/hard\libgcc.a(_aeabi_uldivmod.o) (__udivmoddi4)
c:/st/stm32cubeide_1.12.1/stm32cubeide/plugins/com.st.stm32cube.ide.mcu.externaltools.gnu-tools-for-stm32.10.3-2021.10.win32_1.0.200.202301161003/tools/bin/../lib/gcc/arm-none-eabi/10.3.1/thumb/v7e-m+fp/hard\libgcc.a(_dvmd_tls.o)
                              c:/st/stm32cubeide_1.12.1/stm32cubeide/plugins/com.st.stm32cube.ide.mcu.externaltools.gnu-tools-for-stm32.10.3-2021.10.win32_1.0.200.202301161003/tools/bin/../lib/gcc/arm-none-eabi/10.3.1/thumb/v7e-m+fp/hard\libgcc.a(_aeabi_uldivmod.o) (__aeabi_ldiv0)

Discarded input sections

 .text          0x0000000000000000        0x0 c:/st/stm32cubeide_1.12.1/stm32cubeide/plugins/com.st.stm32cube.ide.mcu.externaltools.gnu-tools-for-stm32.10.3-2021.10.win32_1.0.200.202301161003/tools/bin/../lib/gcc/arm-none-eabi/10.3.1/thumb/v7e-m+fp/hard/crti.o
 .data          0x0000000000000000        0x0 c:/st/stm32cubeide_1.12.1/stm32cubeide/plugins/com.st.stm32cube.ide.mcu.externaltools.gnu-tools-for-stm32.10.3-2021.10.win32_1.0.200.202301161003/tools/bin/../lib/gcc/arm-none-eabi/10.3.1/thumb/v7e-m+fp/hard/crti.o
 .bss           0x0000000000000000        0x0 c:/st/stm32cubeide_1.12.1/stm32cubeide/plugins/com.st.stm32cube.ide.mcu.externaltools.gnu-tools-for-stm32.10.3-2021.10.win32_1.0.200.202301161003/tools/bin/../lib/gcc/arm-none-eabi/10.3.1/thumb/v7e-m+fp/hard/crti.o
[...]
Memory Configuration

Name             Origin             Length             Attributes
CCMRAM           0x0000000010000000 0x0000000000010000 xrw
RAM              0x0000000020000000 0x0000000000020000 xrw
FLASH            0x0000000008000000 0x0000000000100000 xr
*default*        0x0000000000000000 0xffffffffffffffff

Linker script and memory map

LOAD c:/st/stm32cubeide_1.12.1/stm32cubeide/plugins/com.st.stm32cube.ide.mcu.externaltools.gnu-tools-for-stm32.10.3-2021.10.win32_1.0.200.202301161003/tools/bin/../lib/gcc/arm-none-eabi/10.3.1/thumb/v7e-m+fp/hard/crti.o
LOAD c:/st/stm32cubeide_1.12.1/stm32cubeide/plugins/com.st.stm32cube.ide.mcu.externaltools.gnu-tools-for-stm32.10.3-2021.10.win32_1.0.200.202301161003/tools/bin/../lib/gcc/arm-none-eabi/10.3.1/thumb/v7e-m+fp/hard/crtbegin.o
LOAD c:/st/stm32cubeide_1.12.1/stm32cubeide/plugins/com.st.stm32cube.ide.mcu.externaltools.gnu-tools-for-stm32.10.3-2021.10.win32_1.0.200.202301161003/tools/bin/../lib/gcc/arm-none-eabi/10.3.1/../../../../arm-none-eabi/lib/thumb/v7e-m+fp/hard/crt0.o
LOAD ./Core/Src/main.o
LOAD ./Core/Src/stm32f4xx_hal_msp.o
LOAD ./Core/Src/stm32f4xx_it.o
LOAD ./Core/Src/syscalls.o
LOAD ./Core/Src/sysmem.o
LOAD ./Core/Src/system_stm32f4xx.o
LOAD ./Core/Startup/startup_stm32f405rgtx.o
LOAD ./Drivers/STM32F4xx_HAL_Driver/Src/stm32f4xx_hal.o
LOAD ./Drivers/STM32F4xx_HAL_Driver/Src/stm32f4xx_hal_cortex.o
LOAD ./Drivers/STM32F4xx_HAL_Driver/Src/stm32f4xx_hal_dma.o
LOAD ./Drivers/STM32F4xx_HAL_Driver/Src/stm32f4xx_hal_dma_ex.o
LOAD ./Drivers/STM32F4xx_HAL_Driver/Src/stm32f4xx_hal_exti.o
LOAD ./Drivers/STM32F4xx_HAL_Driver/Src/stm32f4xx_hal_flash.o
LOAD ./Drivers/STM32F4xx_HAL_Driver/Src/stm32f4xx_hal_flash_ex.o
LOAD ./Drivers/STM32F4xx_HAL_Driver/Src/stm32f4xx_hal_flash_ramfunc.o
LOAD ./Drivers/STM32F4xx_HAL_Driver/Src/stm32f4xx_hal_gpio.o
LOAD ./Drivers/STM32F4xx_HAL_Driver/Src/stm32f4xx_hal_pwr.o
LOAD ./Drivers/STM32F4xx_HAL_Driver/Src/stm32f4xx_hal_pwr_ex.o
LOAD ./Drivers/STM32F4xx_HAL_Driver/Src/stm32f4xx_hal_rcc.o
LOAD ./Drivers/STM32F4xx_HAL_Driver/Src/stm32f4xx_hal_rcc_ex.o
LOAD ./Drivers/STM32F4xx_HAL_Driver/Src/stm32f4xx_hal_sd.o
LOAD ./Drivers/STM32F4xx_HAL_Driver/Src/stm32f4xx_hal_spi.o
LOAD ./Drivers/STM32F4xx_HAL_Driver/Src/stm32f4xx_hal_tim.o
LOAD ./Drivers/STM32F4xx_HAL_Driver/Src/stm32f4xx_hal_tim_ex.o
LOAD ./Drivers/STM32F4xx_HAL_Driver/Src/stm32f4xx_ll_sdmmc.o
LOAD ./FATFS/App/fatfs.o
LOAD ./FATFS/Target/bsp_driver_sd.o
LOAD ./FATFS/Target/sd_diskio.o
LOAD ./LCD28/fonts.o
LOAD ./LCD28/lcd.o
LOAD ./Middlewares/Third_Party/FatFs/src/diskio.o
LOAD ./Middlewares/Third_Party/FatFs/src/ff.o
LOAD ./Middlewares/Third_Party/FatFs/src/ff_gen_drv.o
LOAD ./Middlewares/Third_Party/FatFs/src/option/syscall.o
START GROUP
LOAD c:/st/stm32cubeide_1.12.1/stm32cubeide/plugins/com.st.stm32cube.ide.mcu.externaltools.gnu-tools-for-stm32.10.3-2021.10.win32_1.0.200.202301161003/tools/bin/../lib/gcc/arm-none-eabi/10.3.1/../../../../arm-none-eabi/lib/thumb/v7e-m+fp/hard\libc_nano.a
LOAD c:/st/stm32cubeide_1.12.1/stm32cubeide/plugins/com.st.stm32cube.ide.mcu.externaltools.gnu-tools-for-stm32.10.3-2021.10.win32_1.0.200.202301161003/tools/bin/../lib/gcc/arm-none-eabi/10.3.1/../../../../arm-none-eabi/lib/thumb/v7e-m+fp/hard\libm.a
END GROUP
START GROUP
LOAD c:/st/stm32cubeide_1.12.1/stm32cubeide/plugins/com.st.stm32cube.ide.mcu.externaltools.gnu-tools-for-stm32.10.3-2021.10.win32_1.0.200.202301161003/tools/bin/../lib/gcc/arm-none-eabi/10.3.1/thumb/v7e-m+fp/hard\libgcc.a
LOAD c:/st/stm32cubeide_1.12.1/stm32cubeide/plugins/com.st.stm32cube.ide.mcu.externaltools.gnu-tools-for-stm32.10.3-2021.10.win32_1.0.200.202301161003/tools/bin/../lib/gcc/arm-none-eabi/10.3.1/../../../../arm-none-eabi/lib/thumb/v7e-m+fp/hard\libc_nano.a
END GROUP
START GROUP
LOAD c:/st/stm32cubeide_1.12.1/stm32cubeide/plugins/com.st.stm32cube.ide.mcu.externaltools.gnu-tools-for-stm32.10.3-2021.10.win32_1.0.200.202301161003/tools/bin/../lib/gcc/arm-none-eabi/10.3.1/thumb/v7e-m+fp/hard\libgcc.a
LOAD c:/st/stm32cubeide_1.12.1/stm32cubeide/plugins/com.st.stm32cube.ide.mcu.externaltools.gnu-tools-for-stm32.10.3-2021.10.win32_1.0.200.202301161003/tools/bin/../lib/gcc/arm-none-eabi/10.3.1/../../../../arm-none-eabi/lib/thumb/v7e-m+fp/hard\libc_nano.a
LOAD c:/st/stm32cubeide_1.12.1/stm32cubeide/plugins/com.st.stm32cube.ide.mcu.externaltools.gnu-tools-for-stm32.10.3-2021.10.win32_1.0.200.202301161003/tools/bin/../lib/gcc/arm-none-eabi/10.3.1/../../../../arm-none-eabi/lib/thumb/v7e-m+fp/hard\libnosys.a
END GROUP
START GROUP
LOAD c:/st/stm32cubeide_1.12.1/stm32cubeide/plugins/com.st.stm32cube.ide.mcu.externaltools.gnu-tools-for-stm32.10.3-2021.10.win32_1.0.200.202301161003/tools/bin/../lib/gcc/arm-none-eabi/10.3.1/thumb/v7e-m+fp/hard\libgcc.a
LOAD c:/st/stm32cubeide_1.12.1/stm32cubeide/plugins/com.st.stm32cube.ide.mcu.externaltools.gnu-tools-for-stm32.10.3-2021.10.win32_1.0.200.202301161003/tools/bin/../lib/gcc/arm-none-eabi/10.3.1/../../../../arm-none-eabi/lib/thumb/v7e-m+fp/hard\libc_nano.a
LOAD c:/st/stm32cubeide_1.12.1/stm32cubeide/plugins/com.st.stm32cube.ide.mcu.externaltools.gnu-tools-for-stm32.10.3-2021.10.win32_1.0.200.202301161003/tools/bin/../lib/gcc/arm-none-eabi/10.3.1/../../../../arm-none-eabi/lib/thumb/v7e-m+fp/hard\libnosys.a
END GROUP
LOAD c:/st/stm32cubeide_1.12.1/stm32cubeide/plugins/com.st.stm32cube.ide.mcu.externaltools.gnu-tools-for-stm32.10.3-2021.10.win32_1.0.200.202301161003/tools/bin/../lib/gcc/arm-none-eabi/10.3.1/thumb/v7e-m+fp/hard/crtend.o
LOAD c:/st/stm32cubeide_1.12.1/stm32cubeide/plugins/com.st.stm32cube.ide.mcu.externaltools.gnu-tools-for-stm32.10.3-2021.10.win32_1.0.200.202301161003/tools/bin/../lib/gcc/arm-none-eabi/10.3.1/thumb/v7e-m+fp/hard/crtn.o
                0x0000000020020000                _estack = (ORIGIN (RAM) + LENGTH (RAM))
                0x0000000000000400                _Min_Heap_Size = 0x400
                0x0000000000000800                _Min_Stack_Size = 0x800

.isr_vector     0x0000000008000000      0x188
                0x0000000008000000                . = ALIGN (0x4)
 *(.isr_vector)
 .isr_vector    0x0000000008000000      0x188 ./Core/Startup/startup_stm32f405rgtx.o
                0x0000000008000000                g_pfnVectors
                0x0000000008000188                . = ALIGN (0x4)

.text           0x0000000008000188     0x6f84
                0x0000000008000188                . = ALIGN (0x4)
 *(.text)
 .text          0x0000000008000188       0x40 c:/st/stm32cubeide_1.12.1/stm32cubeide/plugins/com.st.stm32cube.ide.mcu.externaltools.gnu-tools-for-stm32.10.3-2021.10.win32_1.0.200.202301161003/tools/bin/../lib/gcc/arm-none-eabi/10.3.1/thumb/v7e-m+fp/hard/crtbegin.o
 .text          0x00000000080001c8       0x30 c:/st/stm32cubeide_1.12.1/stm32cubeide/plugins/com.st.stm32cube.ide.mcu.externaltools.gnu-tools-for-stm32.10.3-2021.10.win32_1.0.200.202301161003/tools/bin/../lib/gcc/arm-none-eabi/10.3.1/thumb/v7e-m+fp/hard\libgcc.a(_aeabi_uldivmod.o)
                0x00000000080001c8                __aeabi_uldivmod
 .text          0x00000000080001f8      0x2d0 c:/st/stm32cubeide_1.12.1/stm32cubeide/plugins/com.st.stm32cube.ide.mcu.externaltools.gnu-tools-for-stm32.10.3-2021.10.win32_1.0.200.202301161003/tools/bin/../lib/gcc/arm-none-eabi/10.3.1/thumb/v7e-m+fp/hard\libgcc.a(_udivmoddi4.o)
                0x00000000080001f8                __udivmoddi4
 .text          0x00000000080004c8        0x4 c:/st/stm32cubeide_1.12.1/stm32cubeide/plugins/com.st.stm32cube.ide.mcu.externaltools.gnu-tools-for-stm32.10.3-2021.10.win32_1.0.200.202301161003/tools/bin/../lib/gcc/arm-none-eabi/10.3.1/thumb/v7e-m+fp/hard\libgcc.a(_dvmd_tls.o)
                0x00000000080004c8                __aeabi_idiv0
                0x00000000080004c8                __aeabi_ldiv0
 *(.text*)
 .text.main     0x00000000080004cc      0x274 ./Core/Src/main.o
                0x00000000080004cc                main
 .text.SystemClock_Config
                0x0000000008000740       0xd0 ./Core/Src/main.o
                0x0000000008000740                SystemClock_Config
 .text.MX_SDIO_SD_Init
                0x0000000008000810       0x40 ./Core/Src/main.o
 .text.MX_SPI1_Init
                0x0000000008000850       0x6c ./Core/Src/main.o
 .text.MX_DMA_Init
                0x00000000080008bc       0x50 ./Core/Src/main.o
 .text.MX_GPIO_Init
                0x000000000800090c      0x104 ./Core/Src/main.o
 .text.Error_Handler
                0x0000000008000a10        0xa ./Core/Src/main.o
                0x0000000008000a10                Error_Handler
 *fill*         0x0000000008000a1a        0x2 
 .text.HAL_MspInit
                0x0000000008000a1c       0x50 ./Core/Src/stm32f4xx_hal_msp.o
                0x0000000008000a1c                HAL_MspInit
 .text.HAL_SD_MspInit
                0x0000000008000a6c      0x1f0 ./Core/Src/stm32f4xx_hal_msp.o
                0x0000000008000a6c                HAL_SD_MspInit
 .text.HAL_SPI_MspInit
                0x0000000008000c5c       0xd0 ./Core/Src/stm32f4xx_hal_msp.o
                0x0000000008000c5c                HAL_SPI_MspInit
 .text.NMI_Handler
                0x0000000008000d2c        0x6 ./Core/Src/stm32f4xx_it.o
                0x0000000008000d2c                NMI_Handler
 .text.HardFault_Handler
                0x0000000008000d32        0x6 ./Core/Src/stm32f4xx_it.o
                0x0000000008000d32                HardFault_Handler
 .text.MemManage_Handler
                0x0000000008000d38        0x6 ./Core/Src/stm32f4xx_it.o
                0x0000000008000d38                MemManage_Handler
 .text.BusFault_Handler
                0x0000000008000d3e        0x6 ./Core/Src/stm32f4xx_it.o
                0x0000000008000d3e                BusFault_Handler
 .text.UsageFault_Handler
                0x0000000008000d44        0x6 ./Core/Src/stm32f4xx_it.o
                0x0000000008000d44                UsageFault_Handler
 .text.SVC_Handler
                0x0000000008000d4a        0xe ./Core/Src/stm32f4xx_it.o
                0x0000000008000d4a                SVC_Handler
 .text.DebugMon_Handler
                0x0000000008000d58        0xe ./Core/Src/stm32f4xx_it.o
                0x0000000008000d58                DebugMon_Handler
 .text.PendSV_Handler
                0x0000000008000d66        0xe ./Core/Src/stm32f4xx_it.o
                0x0000000008000d66                PendSV_Handler
 .text.SysTick_Handler
                0x0000000008000d74        0xc ./Core/Src/stm32f4xx_it.o
                0x0000000008000d74                SysTick_Handler
 .text.DMA2_Stream3_IRQHandler
                0x0000000008000d80       0x14 ./Core/Src/stm32f4xx_it.o
                0x0000000008000d80                DMA2_Stream3_IRQHandler
 .text.DMA2_Stream6_IRQHandler
                0x0000000008000d94       0x14 ./Core/Src/stm32f4xx_it.o
                0x0000000008000d94                DMA2_Stream6_IRQHandler
 .text.SystemInit
                0x0000000008000da8       0x24 ./Core/Src/system_stm32f4xx.o
                0x0000000008000da8                SystemInit
 .text.Reset_Handler
                0x0000000008000dcc       0x50 ./Core/Startup/startup_stm32f405rgtx.o
                0x0000000008000dcc                Reset_Handler
 .text.Default_Handler
                0x0000000008000e1c        0x2 ./Core/Startup/startup_stm32f405rgtx.o
                0x0000000008000e1c                RTC_Alarm_IRQHandler
                0x0000000008000e1c                HASH_RNG_IRQHandler
                0x0000000008000e1c                EXTI2_IRQHandler
                0x0000000008000e1c                TIM8_CC_IRQHandler
                0x0000000008000e1c                TIM1_CC_IRQHandler
                0x0000000008000e1c                DMA2_Stream5_IRQHandler
                0x0000000008000e1c                DMA1_Stream5_IRQHandler
                0x0000000008000e1c                PVD_IRQHandler
                0x0000000008000e1c                SDIO_IRQHandler
                0x0000000008000e1c                TAMP_STAMP_IRQHandler
                0x0000000008000e1c                CAN2_RX1_IRQHandler
                0x0000000008000e1c                EXTI3_IRQHandler
                0x0000000008000e1c                TIM8_TRG_COM_TIM14_IRQHandler
                0x0000000008000e1c                TIM1_UP_TIM10_IRQHandler
                0x0000000008000e1c                TIM8_UP_TIM13_IRQHandler
                0x0000000008000e1c                I2C3_ER_IRQHandler
                0x0000000008000e1c                EXTI0_IRQHandler
                0x0000000008000e1c                I2C2_EV_IRQHandler
                0x0000000008000e1c                DMA1_Stream2_IRQHandler
                0x0000000008000e1c                CAN1_RX0_IRQHandler
                0x0000000008000e1c                FPU_IRQHandler
                0x0000000008000e1c                OTG_HS_WKUP_IRQHandler
                0x0000000008000e1c                CAN2_SCE_IRQHandler
                0x0000000008000e1c                DMA2_Stream2_IRQHandler
                0x0000000008000e1c                SPI1_IRQHandler
                0x0000000008000e1c                TIM6_DAC_IRQHandler
                0x0000000008000e1c                TIM1_BRK_TIM9_IRQHandler
                0x0000000008000e1c                CAN2_RX0_IRQHandler
                0x0000000008000e1c                USART6_IRQHandler
                0x0000000008000e1c                USART3_IRQHandler
                0x0000000008000e1c                CAN1_RX1_IRQHandler
                0x0000000008000e1c                UART5_IRQHandler
                0x0000000008000e1c                DMA2_Stream0_IRQHandler
                0x0000000008000e1c                TIM4_IRQHandler
                0x0000000008000e1c                I2C1_EV_IRQHandler
                0x0000000008000e1c                DMA1_Stream6_IRQHandler
                0x0000000008000e1c                DMA1_Stream1_IRQHandler
                0x0000000008000e1c                UART4_IRQHandler
                0x0000000008000e1c                TIM3_IRQHandler
                0x0000000008000e1c                RCC_IRQHandler
                0x0000000008000e1c                TIM8_BRK_TIM12_IRQHandler
                0x0000000008000e1c                Default_Handler
                0x0000000008000e1c                EXTI15_10_IRQHandler
                0x0000000008000e1c                ADC_IRQHandler
                0x0000000008000e1c                DMA1_Stream7_IRQHandler
                0x0000000008000e1c                TIM7_IRQHandler
                0x0000000008000e1c                CAN2_TX_IRQHandler
                0x0000000008000e1c                TIM5_IRQHandler
                0x0000000008000e1c                DMA2_Stream7_IRQHandler
                0x0000000008000e1c                I2C3_EV_IRQHandler
                0x0000000008000e1c                EXTI9_5_IRQHandler
                0x0000000008000e1c                RTC_WKUP_IRQHandler
                0x0000000008000e1c                SPI2_IRQHandler
                0x0000000008000e1c                OTG_HS_EP1_IN_IRQHandler
                0x0000000008000e1c                DMA1_Stream0_IRQHandler
                0x0000000008000e1c                CAN1_TX_IRQHandler
                0x0000000008000e1c                EXTI4_IRQHandler
                0x0000000008000e1c                FSMC_IRQHandler
                0x0000000008000e1c                OTG_HS_EP1_OUT_IRQHandler
                0x0000000008000e1c                WWDG_IRQHandler
                0x0000000008000e1c                TIM2_IRQHandler
                0x0000000008000e1c                OTG_FS_WKUP_IRQHandler
                0x0000000008000e1c                TIM1_TRG_COM_TIM11_IRQHandler
                0x0000000008000e1c                OTG_HS_IRQHandler
                0x0000000008000e1c                EXTI1_IRQHandler
                0x0000000008000e1c                USART2_IRQHandler
                0x0000000008000e1c                I2C2_ER_IRQHandler
                0x0000000008000e1c                DMA2_Stream1_IRQHandler
                0x0000000008000e1c                CAN1_SCE_IRQHandler
                0x0000000008000e1c                FLASH_IRQHandler
                0x0000000008000e1c                DMA2_Stream4_IRQHandler
                0x0000000008000e1c                USART1_IRQHandler
                0x0000000008000e1c                OTG_FS_IRQHandler
                0x0000000008000e1c                SPI3_IRQHandler
                0x0000000008000e1c                DMA1_Stream4_IRQHandler
                0x0000000008000e1c                I2C1_ER_IRQHandler
                0x0000000008000e1c                DMA1_Stream3_IRQHandler
 *fill*         0x0000000008000e1e        0x2 
 .text.HAL_Init
                0x0000000008000e20       0x44 ./Drivers/STM32F4xx_HAL_Driver/Src/stm32f4xx_hal.o
                0x0000000008000e20                HAL_Init
 .text.HAL_InitTick
                0x0000000008000e64       0x60 ./Drivers/STM32F4xx_HAL_Driver/Src/stm32f4xx_hal.o
                0x0000000008000e64                HAL_InitTick
 .text.HAL_IncTick
                0x0000000008000ec4       0x28 ./Drivers/STM32F4xx_HAL_Driver/Src/stm32f4xx_hal.o
                0x0000000008000ec4                HAL_IncTick
 .text.HAL_GetTick
                0x0000000008000eec       0x18 ./Drivers/STM32F4xx_HAL_Driver/Src/stm32f4xx_hal.o
                0x0000000008000eec                HAL_GetTick
 .text.HAL_Delay
                0x0000000008000f04       0x48 ./Drivers/STM32F4xx_HAL_Driver/Src/stm32f4xx_hal.o
                0x0000000008000f04                HAL_Delay
 .text.__NVIC_SetPriorityGrouping
                0x0000000008000f4c       0x48 ./Drivers/STM32F4xx_HAL_Driver/Src/stm32f4xx_hal_cortex.o
 .text.__NVIC_GetPriorityGrouping
                0x0000000008000f94       0x1c ./Drivers/STM32F4xx_HAL_Driver/Src/stm32f4xx_hal_cortex.o
 .text.__NVIC_EnableIRQ
                0x0000000008000fb0       0x3c ./Drivers/STM32F4xx_HAL_Driver/Src/stm32f4xx_hal_cortex.o
 .text.__NVIC_SetPriority
                0x0000000008000fec       0x54 ./Drivers/STM32F4xx_HAL_Driver/Src/stm32f4xx_hal_cortex.o
 .text.NVIC_EncodePriority
                0x0000000008001040       0x66 ./Drivers/STM32F4xx_HAL_Driver/Src/stm32f4xx_hal_cortex.o
 *fill*         0x00000000080010a6        0x2 
 .text.SysTick_Config
                0x00000000080010a8       0x44 ./Drivers/STM32F4xx_HAL_Driver/Src/stm32f4xx_hal_cortex.o
 .text.HAL_NVIC_SetPriorityGrouping
                0x00000000080010ec       0x16 ./Drivers/STM32F4xx_HAL_Driver/Src/stm32f4xx_hal_cortex.o
                0x00000000080010ec                HAL_NVIC_SetPriorityGrouping
 .text.HAL_NVIC_SetPriority
                0x0000000008001102       0x38 ./Drivers/STM32F4xx_HAL_Driver/Src/stm32f4xx_hal_cortex.o
                0x0000000008001102                HAL_NVIC_SetPriority
 .text.HAL_NVIC_EnableIRQ
                0x000000000800113a       0x1c ./Drivers/STM32F4xx_HAL_Driver/Src/stm32f4xx_hal_cortex.o
                0x000000000800113a                HAL_NVIC_EnableIRQ
 .text.HAL_SYSTICK_Config
                0x0000000008001156       0x18 ./Drivers/STM32F4xx_HAL_Driver/Src/stm32f4xx_hal_cortex.o
                0x0000000008001156                HAL_SYSTICK_Config
 *fill*         0x000000000800116e        0x2 
 .text.HAL_DMA_Init
                0x0000000008001170      0x15c ./Drivers/STM32F4xx_HAL_Driver/Src/stm32f4xx_hal_dma.o
                0x0000000008001170                HAL_DMA_Init
 .text.HAL_DMA_Start_IT
                0x00000000080012cc       0xb0 ./Drivers/STM32F4xx_HAL_Driver/Src/stm32f4xx_hal_dma.o
                0x00000000080012cc                HAL_DMA_Start_IT
 .text.HAL_DMA_IRQHandler
                0x000000000800137c      0x314 ./Drivers/STM32F4xx_HAL_Driver/Src/stm32f4xx_hal_dma.o
                0x000000000800137c                HAL_DMA_IRQHandler
 .text.HAL_DMA_GetError
                0x0000000008001690       0x18 ./Drivers/STM32F4xx_HAL_Driver/Src/stm32f4xx_hal_dma.o
                0x0000000008001690                HAL_DMA_GetError
 .text.DMA_SetConfig
                0x00000000080016a8       0x5c ./Drivers/STM32F4xx_HAL_Driver/Src/stm32f4xx_hal_dma.o
 .text.DMA_CalcBaseAndBitshift
                0x0000000008001704       0x6c ./Drivers/STM32F4xx_HAL_Driver/Src/stm32f4xx_hal_dma.o
 .text.DMA_CheckFifoParam
                0x0000000008001770       0xf8 ./Drivers/STM32F4xx_HAL_Driver/Src/stm32f4xx_hal_dma.o
 .text.HAL_GPIO_Init
                0x0000000008001868      0x338 ./Drivers/STM32F4xx_HAL_Driver/Src/stm32f4xx_hal_gpio.o
                0x0000000008001868                HAL_GPIO_Init
 .text.HAL_GPIO_WritePin
                0x0000000008001ba0       0x32 ./Drivers/STM32F4xx_HAL_Driver/Src/stm32f4xx_hal_gpio.o
                0x0000000008001ba0                HAL_GPIO_WritePin
 *fill*         0x0000000008001bd2        0x2 
 .text.HAL_RCC_OscConfig
                0x0000000008001bd4      0x4f0 ./Drivers/STM32F4xx_HAL_Driver/Src/stm32f4xx_hal_rcc.o
                0x0000000008001bd4                HAL_RCC_OscConfig
 .text.HAL_RCC_ClockConfig
                0x00000000080020c4      0x1cc ./Drivers/STM32F4xx_HAL_Driver/Src/stm32f4xx_hal_rcc.o
                0x00000000080020c4                HAL_RCC_ClockConfig
 .text.HAL_RCC_GetSysClockFreq
                0x0000000008002290      0x18c ./Drivers/STM32F4xx_HAL_Driver/Src/stm32f4xx_hal_rcc.o
                0x0000000008002290                HAL_RCC_GetSysClockFreq
 .text.HAL_SD_Init
                0x000000000800241c       0x60 ./Drivers/STM32F4xx_HAL_Driver/Src/stm32f4xx_hal_sd.o
                0x000000000800241c                HAL_SD_Init
 .text.HAL_SD_InitCard
                0x000000000800247c      0x100 ./Drivers/STM32F4xx_HAL_Driver/Src/stm32f4xx_hal_sd.o
                0x000000000800247c                HAL_SD_InitCard
 .text.HAL_SD_ReadBlocks_DMA
                0x000000000800257c      0x1c4 ./Drivers/STM32F4xx_HAL_Driver/Src/stm32f4xx_hal_sd.o
                0x000000000800257c                HAL_SD_ReadBlocks_DMA
 .text.HAL_SD_WriteBlocks_DMA
                0x0000000008002740      0x1cc ./Drivers/STM32F4xx_HAL_Driver/Src/stm32f4xx_hal_sd.o
                0x0000000008002740                HAL_SD_WriteBlocks_DMA
 .text.HAL_SD_ErrorCallback
                0x000000000800290c       0x14 ./Drivers/STM32F4xx_HAL_Driver/Src/stm32f4xx_hal_sd.o
                0x000000000800290c                HAL_SD_ErrorCallback
 .text.HAL_SD_GetCardCSD
                0x0000000008002920      0x348 ./Drivers/STM32F4xx_HAL_Driver/Src/stm32f4xx_hal_sd.o
                0x0000000008002920                HAL_SD_GetCardCSD
 .text.HAL_SD_GetCardInfo
                0x0000000008002c68       0x58 ./Drivers/STM32F4xx_HAL_Driver/Src/stm32f4xx_hal_sd.o
                0x0000000008002c68                HAL_SD_GetCardInfo
 .text.HAL_SD_GetCardState
                0x0000000008002cc0       0x40 ./Drivers/STM32F4xx_HAL_Driver/Src/stm32f4xx_hal_sd.o
                0x0000000008002cc0                HAL_SD_GetCardState
 .text.SD_DMATransmitCplt
                0x0000000008002d00       0x2a ./Drivers/STM32F4xx_HAL_Driver/Src/stm32f4xx_hal_sd.o
 .text.SD_DMAReceiveCplt
                0x0000000008002d2a       0x70 ./Drivers/STM32F4xx_HAL_Driver/Src/stm32f4xx_hal_sd.o
 *fill*         0x0000000008002d9a        0x2 
 .text.SD_DMAError
                0x0000000008002d9c       0xa4 ./Drivers/STM32F4xx_HAL_Driver/Src/stm32f4xx_hal_sd.o
 .text.SD_InitCard
                0x0000000008002e40      0x19c ./Drivers/STM32F4xx_HAL_Driver/Src/stm32f4xx_hal_sd.o
 .text.SD_PowerON
                0x0000000008002fdc      0x11c ./Drivers/STM32F4xx_HAL_Driver/Src/stm32f4xx_hal_sd.o
 .text.SD_SendStatus
                0x00000000080030f8       0x50 ./Drivers/STM32F4xx_HAL_Driver/Src/stm32f4xx_hal_sd.o
 .text.HAL_SPI_Init
                0x0000000008003148      0x112 ./Drivers/STM32F4xx_HAL_Driver/Src/stm32f4xx_hal_spi.o
                0x0000000008003148                HAL_SPI_Init
 .text.HAL_SPI_Transmit
                0x000000000800325a      0x278 ./Drivers/STM32F4xx_HAL_Driver/Src/stm32f4xx_hal_spi.o
                0x000000000800325a                HAL_SPI_Transmit
 *fill*         0x00000000080034d2        0x2 
 .text.SPI_WaitFlagStateUntilTimeout
                0x00000000080034d4      0x110 ./Drivers/STM32F4xx_HAL_Driver/Src/stm32f4xx_hal_spi.o
 .text.SPI_EndRxTxTransaction
                0x00000000080035e4       0x84 ./Drivers/STM32F4xx_HAL_Driver/Src/stm32f4xx_hal_spi.o
 .text.SDIO_Init
                0x0000000008003668       0x56 ./Drivers/STM32F4xx_HAL_Driver/Src/stm32f4xx_ll_sdmmc.o
                0x0000000008003668                SDIO_Init
 .text.SDIO_PowerState_ON
                0x00000000080036be       0x1c ./Drivers/STM32F4xx_HAL_Driver/Src/stm32f4xx_ll_sdmmc.o
                0x00000000080036be                SDIO_PowerState_ON
 .text.SDIO_GetPowerState
                0x00000000080036da       0x1c ./Drivers/STM32F4xx_HAL_Driver/Src/stm32f4xx_ll_sdmmc.o
                0x00000000080036da                SDIO_GetPowerState
 .text.SDIO_SendCommand
                0x00000000080036f6       0x54 ./Drivers/STM32F4xx_HAL_Driver/Src/stm32f4xx_ll_sdmmc.o
                0x00000000080036f6                SDIO_SendCommand
 .text.SDIO_GetCommandResponse
                0x000000000800374a       0x1a ./Drivers/STM32F4xx_HAL_Driver/Src/stm32f4xx_ll_sdmmc.o
                0x000000000800374a                SDIO_GetCommandResponse
 .text.SDIO_GetResponse
                0x0000000008003764       0x26 ./Drivers/STM32F4xx_HAL_Driver/Src/stm32f4xx_ll_sdmmc.o
                0x0000000008003764                SDIO_GetResponse
 .text.SDIO_ConfigData
                0x000000000800378a       0x58 ./Drivers/STM32F4xx_HAL_Driver/Src/stm32f4xx_ll_sdmmc.o
                0x000000000800378a                SDIO_ConfigData
 .text.SDMMC_CmdBlockLength
                0x00000000080037e2       0x44 ./Drivers/STM32F4xx_HAL_Driver/Src/stm32f4xx_ll_sdmmc.o
                0x00000000080037e2                SDMMC_CmdBlockLength
 .text.SDMMC_CmdReadSingleBlock
                0x0000000008003826       0x44 ./Drivers/STM32F4xx_HAL_Driver/Src/stm32f4xx_ll_sdmmc.o
                0x0000000008003826                SDMMC_CmdReadSingleBlock
 .text.SDMMC_CmdReadMultiBlock
                0x000000000800386a       0x44 ./Drivers/STM32F4xx_HAL_Driver/Src/stm32f4xx_ll_sdmmc.o
                0x000000000800386a                SDMMC_CmdReadMultiBlock
 .text.SDMMC_CmdWriteSingleBlock
                0x00000000080038ae       0x44 ./Drivers/STM32F4xx_HAL_Driver/Src/stm32f4xx_ll_sdmmc.o
                0x00000000080038ae                SDMMC_CmdWriteSingleBlock
 .text.SDMMC_CmdWriteMultiBlock
                0x00000000080038f2       0x44 ./Drivers/STM32F4xx_HAL_Driver/Src/stm32f4xx_ll_sdmmc.o
                0x00000000080038f2                SDMMC_CmdWriteMultiBlock
 *fill*         0x0000000008003936        0x2 
 .text.SDMMC_CmdStopTransfer
                0x0000000008003938       0x44 ./Drivers/STM32F4xx_HAL_Driver/Src/stm32f4xx_ll_sdmmc.o
                0x0000000008003938                SDMMC_CmdStopTransfer
 .text.SDMMC_CmdSelDesel
                0x000000000800397c       0x46 ./Drivers/STM32F4xx_HAL_Driver/Src/stm32f4xx_ll_sdmmc.o
                0x000000000800397c                SDMMC_CmdSelDesel
 .text.SDMMC_CmdGoIdleState
                0x00000000080039c2       0x3c ./Drivers/STM32F4xx_HAL_Driver/Src/stm32f4xx_ll_sdmmc.o
                0x00000000080039c2                SDMMC_CmdGoIdleState
 .text.SDMMC_CmdOperCond
                0x00000000080039fe       0x3e ./Drivers/STM32F4xx_HAL_Driver/Src/stm32f4xx_ll_sdmmc.o
                0x00000000080039fe                SDMMC_CmdOperCond
 .text.SDMMC_CmdAppCommand
                0x0000000008003a3c       0x44 ./Drivers/STM32F4xx_HAL_Driver/Src/stm32f4xx_ll_sdmmc.o
                0x0000000008003a3c                SDMMC_CmdAppCommand
 .text.SDMMC_CmdAppOperCommand
                0x0000000008003a80       0x46 ./Drivers/STM32F4xx_HAL_Driver/Src/stm32f4xx_ll_sdmmc.o
                0x0000000008003a80                SDMMC_CmdAppOperCommand
 .text.SDMMC_CmdSendCID
                0x0000000008003ac6       0x3c ./Drivers/STM32F4xx_HAL_Driver/Src/stm32f4xx_ll_sdmmc.o
                0x0000000008003ac6                SDMMC_CmdSendCID
 .text.SDMMC_CmdSendCSD
                0x0000000008003b02       0x3e ./Drivers/STM32F4xx_HAL_Driver/Src/stm32f4xx_ll_sdmmc.o
                0x0000000008003b02                SDMMC_CmdSendCSD
 .text.SDMMC_CmdSetRelAdd
                0x0000000008003b40       0x42 ./Drivers/STM32F4xx_HAL_Driver/Src/stm32f4xx_ll_sdmmc.o
                0x0000000008003b40                SDMMC_CmdSetRelAdd
 .text.SDMMC_CmdSendStatus
                0x0000000008003b82       0x44 ./Drivers/STM32F4xx_HAL_Driver/Src/stm32f4xx_ll_sdmmc.o
                0x0000000008003b82                SDMMC_CmdSendStatus
 *fill*         0x0000000008003bc6        0x2 
 .text.SDMMC_GetCmdResp1
                0x0000000008003bc8      0x1dc ./Drivers/STM32F4xx_HAL_Driver/Src/stm32f4xx_ll_sdmmc.o
                0x0000000008003bc8                SDMMC_GetCmdResp1
 .text.SDMMC_GetCmdResp2
                0x0000000008003da4       0x90 ./Drivers/STM32F4xx_HAL_Driver/Src/stm32f4xx_ll_sdmmc.o
                0x0000000008003da4                SDMMC_GetCmdResp2
 .text.SDMMC_GetCmdResp3
                0x0000000008003e34       0x7c ./Drivers/STM32F4xx_HAL_Driver/Src/stm32f4xx_ll_sdmmc.o
                0x0000000008003e34                SDMMC_GetCmdResp3
 .text.SDMMC_GetCmdResp6
                0x0000000008003eb0       0xec ./Drivers/STM32F4xx_HAL_Driver/Src/stm32f4xx_ll_sdmmc.o
                0x0000000008003eb0                SDMMC_GetCmdResp6
 .text.SDMMC_GetCmdResp7
                0x0000000008003f9c       0x9c ./Drivers/STM32F4xx_HAL_Driver/Src/stm32f4xx_ll_sdmmc.o
                0x0000000008003f9c                SDMMC_GetCmdResp7
 .text.SDMMC_GetCmdError
                0x0000000008004038       0x58 ./Drivers/STM32F4xx_HAL_Driver/Src/stm32f4xx_ll_sdmmc.o
 .text.MX_FATFS_Init
                0x0000000008004090       0x24 ./FATFS/App/fatfs.o
                0x0000000008004090                MX_FATFS_Init
 .text.get_fattime
                0x00000000080040b4       0x10 ./FATFS/App/fatfs.o
                0x00000000080040b4                get_fattime
 .text.BSP_SD_Init
                0x00000000080040c4       0x30 ./FATFS/Target/bsp_driver_sd.o
                0x00000000080040c4                BSP_SD_Init
 .text.BSP_SD_ReadBlocks_DMA
                0x00000000080040f4       0x34 ./FATFS/Target/bsp_driver_sd.o
                0x00000000080040f4                BSP_SD_ReadBlocks_DMA
 .text.BSP_SD_WriteBlocks_DMA
                0x0000000008004128       0x34 ./FATFS/Target/bsp_driver_sd.o
                0x0000000008004128                BSP_SD_WriteBlocks_DMA
 .text.BSP_SD_GetCardState
                0x000000000800415c       0x20 ./FATFS/Target/bsp_driver_sd.o
                0x000000000800415c                BSP_SD_GetCardState
 .text.BSP_SD_GetCardInfo
                0x000000000800417c       0x1c ./FATFS/Target/bsp_driver_sd.o
                0x000000000800417c                BSP_SD_GetCardInfo
 .text.HAL_SD_RxCpltCallback
                0x0000000008004198       0x14 ./FATFS/Target/bsp_driver_sd.o
                0x0000000008004198                HAL_SD_RxCpltCallback
 .text.BSP_SD_IsDetected
                0x00000000080041ac       0x1a ./FATFS/Target/bsp_driver_sd.o
                0x00000000080041ac                BSP_SD_IsDetected
 .text.SD_CheckStatusWithTimeout
                0x00000000080041c6       0x3a ./FATFS/Target/sd_diskio.o
 .text.SD_CheckStatus
                0x0000000008004200       0x3c ./FATFS/Target/sd_diskio.o
 .text.SD_initialize
                0x000000000800423c       0x38 ./FATFS/Target/sd_diskio.o
                0x000000000800423c                SD_initialize
 .text.SD_status
                0x0000000008004274       0x1c ./FATFS/Target/sd_diskio.o
                0x0000000008004274                SD_status
 .text.SD_read  0x0000000008004290       0xac ./FATFS/Target/sd_diskio.o
                0x0000000008004290                SD_read
 .text.SD_write
                0x000000000800433c       0xac ./FATFS/Target/sd_diskio.o
                0x000000000800433c                SD_write
 .text.SD_ioctl
                0x00000000080043e8       0xb0 ./FATFS/Target/sd_diskio.o
                0x00000000080043e8                SD_ioctl
 .text.BSP_SD_ReadCpltCallback
                0x0000000008004498       0x18 ./FATFS/Target/sd_diskio.o
                0x0000000008004498                BSP_SD_ReadCpltCallback
 .text.LCD_WriteCommand
                0x00000000080044b0       0x48 ./LCD28/lcd.o
 .text.LCD_WriteData
                0x00000000080044f8       0x70 ./LCD28/lcd.o
 .text.LCD_WriteSmallData
                0x0000000008004568       0x48 ./LCD28/lcd.o
 .text.LCD_SetRotation
                0x00000000080045b0       0x58 ./LCD28/lcd.o
                0x00000000080045b0                LCD_SetRotation
 .text.LCD_SetAddressWindow
                0x0000000008004608       0xb8 ./LCD28/lcd.o
 .text.LCD_Init
                0x00000000080046c0      0x13c ./LCD28/lcd.o
                0x00000000080046c0                LCD_Init
 .text.LCD_Fill_Color
                0x00000000080047fc       0x7c ./LCD28/lcd.o
                0x00000000080047fc                LCD_Fill_Color
 .text.LCD_WriteChar
                0x0000000008004878      0x100 ./LCD28/lcd.o
                0x0000000008004878                LCD_WriteChar
 .text.LCD_WriteString
                0x0000000008004978       0xa8 ./LCD28/lcd.o
                0x0000000008004978                LCD_WriteString
 .text.disk_status
                0x0000000008004a20       0x34 ./Middlewares/Third_Party/FatFs/src/diskio.o
                0x0000000008004a20                disk_status
 .text.disk_initialize
                0x0000000008004a54       0x4c ./Middlewares/Third_Party/FatFs/src/diskio.o
                0x0000000008004a54                disk_initialize
 .text.disk_read
                0x0000000008004aa0       0x40 ./Middlewares/Third_Party/FatFs/src/diskio.o
                0x0000000008004aa0                disk_read
 .text.disk_write
                0x0000000008004ae0       0x40 ./Middlewares/Third_Party/FatFs/src/diskio.o
                0x0000000008004ae0                disk_write
 .text.disk_ioctl
                0x0000000008004b20       0x3c ./Middlewares/Third_Party/FatFs/src/diskio.o
                0x0000000008004b20                disk_ioctl
 .text.ld_word  0x0000000008004b5c       0x30 ./Middlewares/Third_Party/FatFs/src/ff.o
 .text.ld_dword
                0x0000000008004b8c       0x46 ./Middlewares/Third_Party/FatFs/src/ff.o
 .text.st_word  0x0000000008004bd2       0x36 ./Middlewares/Third_Party/FatFs/src/ff.o
 .text.st_dword
                0x0000000008004c08       0x58 ./Middlewares/Third_Party/FatFs/src/ff.o
 .text.mem_cpy  0x0000000008004c60       0x42 ./Middlewares/Third_Party/FatFs/src/ff.o
 .text.mem_set  0x0000000008004ca2       0x36 ./Middlewares/Third_Party/FatFs/src/ff.o
 .text.mem_cmp  0x0000000008004cd8       0x4e ./Middlewares/Third_Party/FatFs/src/ff.o
 .text.chk_chr  0x0000000008004d26       0x36 ./Middlewares/Third_Party/FatFs/src/ff.o
 .text.chk_lock
                0x0000000008004d5c       0xb8 ./Middlewares/Third_Party/FatFs/src/ff.o
 .text.enq_lock
                0x0000000008004e14       0x44 ./Middlewares/Third_Party/FatFs/src/ff.o
 .text.inc_lock
                0x0000000008004e58      0x11c ./Middlewares/Third_Party/FatFs/src/ff.o
 .text.dec_lock
                0x0000000008004f74       0x78 ./Middlewares/Third_Party/FatFs/src/ff.o
 .text.clear_lock
                0x0000000008004fec       0x48 ./Middlewares/Third_Party/FatFs/src/ff.o
 .text.sync_window
                0x0000000008005034       0x88 ./Middlewares/Third_Party/FatFs/src/ff.o
 .text.move_window
                0x00000000080050bc       0x5a ./Middlewares/Third_Party/FatFs/src/ff.o
 *fill*         0x0000000008005116        0x2 
 .text.sync_fs  0x0000000008005118       0xe0 ./Middlewares/Third_Party/FatFs/src/ff.o
 .text.clust2sect
                0x00000000080051f8       0x3e ./Middlewares/Third_Party/FatFs/src/ff.o
 .text.get_fat  0x0000000008005236      0x1a8 ./Middlewares/Third_Party/FatFs/src/ff.o
 .text.put_fat  0x00000000080053de      0x238 ./Middlewares/Third_Party/FatFs/src/ff.o
 .text.remove_chain
                0x0000000008005616       0xca ./Middlewares/Third_Party/FatFs/src/ff.o
 .text.create_chain
                0x00000000080056e0      0x130 ./Middlewares/Third_Party/FatFs/src/ff.o
 .text.clmt_clust
                0x0000000008005810       0x70 ./Middlewares/Third_Party/FatFs/src/ff.o
 .text.dir_sdi  0x0000000008005880      0x112 ./Middlewares/Third_Party/FatFs/src/ff.o
 .text.dir_next
                0x0000000008005992      0x1ac ./Middlewares/Third_Party/FatFs/src/ff.o
 .text.dir_alloc
                0x0000000008005b3e       0x8e ./Middlewares/Third_Party/FatFs/src/ff.o
 .text.ld_clust
                0x0000000008005bcc       0x3e ./Middlewares/Third_Party/FatFs/src/ff.o
 .text.st_clust
                0x0000000008005c0a       0x40 ./Middlewares/Third_Party/FatFs/src/ff.o
 .text.dir_find
                0x0000000008005c4a       0xaa ./Middlewares/Third_Party/FatFs/src/ff.o
 .text.dir_register
                0x0000000008005cf4       0x64 ./Middlewares/Third_Party/FatFs/src/ff.o
 .text.get_fileinfo
                0x0000000008005d58       0xbe ./Middlewares/Third_Party/FatFs/src/ff.o
 *fill*         0x0000000008005e16        0x2 
 .text.create_name
                0x0000000008005e18      0x128 ./Middlewares/Third_Party/FatFs/src/ff.o
 .text.follow_path
                0x0000000008005f40       0xec ./Middlewares/Third_Party/FatFs/src/ff.o
 .text.get_ldnumber
                0x000000000800602c       0x88 ./Middlewares/Third_Party/FatFs/src/ff.o
 .text.check_fs
                0x00000000080060b4       0xac ./Middlewares/Third_Party/FatFs/src/ff.o
 .text.find_volume
                0x0000000008006160      0x500 ./Middlewares/Third_Party/FatFs/src/ff.o
 .text.validate
                0x0000000008006660       0x6a ./Middlewares/Third_Party/FatFs/src/ff.o
 *fill*         0x00000000080066ca        0x2 
 .text.f_mount  0x00000000080066cc       0x8c ./Middlewares/Third_Party/FatFs/src/ff.o
                0x00000000080066cc                f_mount
 .text.f_open   0x0000000008006758      0x398 ./Middlewares/Third_Party/FatFs/src/ff.o
                0x0000000008006758                f_open
 .text.f_read   0x0000000008006af0      0x2be ./Middlewares/Third_Party/FatFs/src/ff.o
                0x0000000008006af0                f_read
 .text.f_sync   0x0000000008006dae       0xfc ./Middlewares/Third_Party/FatFs/src/ff.o
                0x0000000008006dae                f_sync
 .text.f_close  0x0000000008006eaa       0x54 ./Middlewares/Third_Party/FatFs/src/ff.o
                0x0000000008006eaa                f_close
 .text.f_stat   0x0000000008006efe       0x72 ./Middlewares/Third_Party/FatFs/src/ff.o
                0x0000000008006efe                f_stat
 .text.f_gets   0x0000000008006f70       0x72 ./Middlewares/Third_Party/FatFs/src/ff.o
                0x0000000008006f70                f_gets
 *fill*         0x0000000008006fe2        0x2 
 .text.FATFS_LinkDriverEx
                0x0000000008006fe4       0x98 ./Middlewares/Third_Party/FatFs/src/ff_gen_drv.o
                0x0000000008006fe4                FATFS_LinkDriverEx
 .text.FATFS_LinkDriver
                0x000000000800707c       0x1e ./Middlewares/Third_Party/FatFs/src/ff_gen_drv.o
                0x000000000800707c                FATFS_LinkDriver
 *fill*         0x000000000800709a        0x2 
 .text.__libc_init_array
                0x000000000800709c       0x48 c:/st/stm32cubeide_1.12.1/stm32cubeide/plugins/com.st.stm32cube.ide.mcu.externaltools.gnu-tools-for-stm32.10.3-2021.10.win32_1.0.200.202301161003/tools/bin/../lib/gcc/arm-none-eabi/10.3.1/../../../../arm-none-eabi/lib/thumb/v7e-m+fp/hard\libc_nano.a(lib_a-init.o)
                0x000000000800709c                __libc_init_array
 .text.memset   0x00000000080070e4       0x10 c:/st/stm32cubeide_1.12.1/stm32cubeide/plugins/com.st.stm32cube.ide.mcu.externaltools.gnu-tools-for-stm32.10.3-2021.10.win32_1.0.200.202301161003/tools/bin/../lib/gcc/arm-none-eabi/10.3.1/../../../../arm-none-eabi/lib/thumb/v7e-m+fp/hard\libc_nano.a(lib_a-memset.o)
                0x00000000080070e4                memset
 *(.glue_7)
 .glue_7        0x00000000080070f4        0x0 linker stubs
 *(.glue_7t)
 .glue_7t       0x00000000080070f4        0x0 linker stubs
 *(.eh_frame)
 .eh_frame      0x00000000080070f4        0x0 c:/st/stm32cubeide_1.12.1/stm32cubeide/plugins/com.st.stm32cube.ide.mcu.externaltools.gnu-tools-for-stm32.10.3-2021.10.win32_1.0.200.202301161003/tools/bin/../lib/gcc/arm-none-eabi/10.3.1/thumb/v7e-m+fp/hard/crtbegin.o
 *(.init)
 .init          0x00000000080070f4        0x4 c:/st/stm32cubeide_1.12.1/stm32cubeide/plugins/com.st.stm32cube.ide.mcu.externaltools.gnu-tools-for-stm32.10.3-2021.10.win32_1.0.200.202301161003/tools/bin/../lib/gcc/arm-none-eabi/10.3.1/thumb/v7e-m+fp/hard/crti.o
                0x00000000080070f4                _init
 .init          0x00000000080070f8        0x8 c:/st/stm32cubeide_1.12.1/stm32cubeide/plugins/com.st.stm32cube.ide.mcu.externaltools.gnu-tools-for-stm32.10.3-2021.10.win32_1.0.200.202301161003/tools/bin/../lib/gcc/arm-none-eabi/10.3.1/thumb/v7e-m+fp/hard/crtn.o
 *(.fini)
 .fini          0x0000000008007100        0x4 c:/st/stm32cubeide_1.12.1/stm32cubeide/plugins/com.st.stm32cube.ide.mcu.externaltools.gnu-tools-for-stm32.10.3-2021.10.win32_1.0.200.202301161003/tools/bin/../lib/gcc/arm-none-eabi/10.3.1/thumb/v7e-m+fp/hard/crti.o
                0x0000000008007100                _fini
 .fini          0x0000000008007104        0x8 c:/st/stm32cubeide_1.12.1/stm32cubeide/plugins/com.st.stm32cube.ide.mcu.externaltools.gnu-tools-for-stm32.10.3-2021.10.win32_1.0.200.202301161003/tools/bin/../lib/gcc/arm-none-eabi/10.3.1/thumb/v7e-m+fp/hard/crtn.o
                0x000000000800710c                . = ALIGN (0x4)
                0x000000000800710c                _etext = .

.vfp11_veneer   0x000000000800710c        0x0
 .vfp11_veneer  0x000000000800710c        0x0 linker stubs

.v4_bx          0x000000000800710c        0x0
 .v4_bx         0x000000000800710c        0x0 linker stubs

.iplt           0x000000000800710c        0x0
 .iplt          0x000000000800710c        0x0 c:/st/stm32cubeide_1.12.1/stm32cubeide/plugins/com.st.stm32cube.ide.mcu.externaltools.gnu-tools-for-stm32.10.3-2021.10.win32_1.0.200.202301161003/tools/bin/../lib/gcc/arm-none-eabi/10.3.1/thumb/v7e-m+fp/hard/crtbegin.o

.rodata         0x000000000800710c     0x1758
                0x000000000800710c                . = ALIGN (0x4)
 *(.rodata)
 .rodata        0x000000000800710c      0x106 ./Core/Src/main.o
 *fill*         0x0000000008007212        0x2 
 .rodata        0x0000000008007214       0x97 ./LCD28/lcd.o
 *fill*         0x00000000080072ab        0x1 
 .rodata        0x00000000080072ac       0x44 ./Middlewares/Third_Party/FatFs/src/ff.o
 *(.rodata*)
 .rodata.AHBPrescTable
                0x00000000080072f0       0x10 ./Core/Src/system_stm32f4xx.o
                0x00000000080072f0                AHBPrescTable
 .rodata.flagBitshiftOffset.0
                0x0000000008007300        0x8 ./Drivers/STM32F4xx_HAL_Driver/Src/stm32f4xx_hal_dma.o
 .rodata.SD_Driver
                0x0000000008007308       0x14 ./FATFS/Target/sd_diskio.o
                0x0000000008007308                SD_Driver
 .rodata.Font7x10
                0x000000000800731c      0x76c ./LCD28/fonts.o
 .rodata.Font11x18
                0x0000000008007a88      0xd5c ./LCD28/fonts.o
 .rodata.ExCvt  0x00000000080087e4       0x80 ./Middlewares/Third_Party/FatFs/src/ff.o
                0x0000000008008864                . = ALIGN (0x4)

.ARM.extab      0x0000000008008864        0x0
                0x0000000008008864                . = ALIGN (0x4)
 *(.ARM.extab* .gnu.linkonce.armextab.*)
                0x0000000008008864                . = ALIGN (0x4)

.ARM            0x0000000008008864        0x8
                0x0000000008008864                . = ALIGN (0x4)
                0x0000000008008864                __exidx_start = .
 *(.ARM.exidx*)
 .ARM.exidx     0x0000000008008864        0x8 c:/st/stm32cubeide_1.12.1/stm32cubeide/plugins/com.st.stm32cube.ide.mcu.externaltools.gnu-tools-for-stm32.10.3-2021.10.win32_1.0.200.202301161003/tools/bin/../lib/gcc/arm-none-eabi/10.3.1/thumb/v7e-m+fp/hard\libgcc.a(_udivmoddi4.o)
                0x000000000800886c                __exidx_end = .
                0x000000000800886c                . = ALIGN (0x4)

.rel.dyn        0x000000000800886c        0x0
 .rel.iplt      0x000000000800886c        0x0 c:/st/stm32cubeide_1.12.1/stm32cubeide/plugins/com.st.stm32cube.ide.mcu.externaltools.gnu-tools-for-stm32.10.3-2021.10.win32_1.0.200.202301161003/tools/bin/../lib/gcc/arm-none-eabi/10.3.1/thumb/v7e-m+fp/hard/crtbegin.o

.preinit_array  0x000000000800886c        0x0
                0x000000000800886c                . = ALIGN (0x4)
                0x000000000800886c                PROVIDE (__preinit_array_start = .)
 *(.preinit_array*)
                0x000000000800886c                PROVIDE (__preinit_array_end = .)
                0x000000000800886c                . = ALIGN (0x4)

.init_array     0x000000000800886c        0x4
                0x000000000800886c                . = ALIGN (0x4)
                0x000000000800886c                PROVIDE (__init_array_start = .)
 *(SORT_BY_NAME(.init_array.*))
 *(.init_array*)
 .init_array    0x000000000800886c        0x4 c:/st/stm32cubeide_1.12.1/stm32cubeide/plugins/com.st.stm32cube.ide.mcu.externaltools.gnu-tools-for-stm32.10.3-2021.10.win32_1.0.200.202301161003/tools/bin/../lib/gcc/arm-none-eabi/10.3.1/thumb/v7e-m+fp/hard/crtbegin.o
                0x0000000008008870                PROVIDE (__init_array_end = .)
                0x0000000008008870                . = ALIGN (0x4)

.fini_array     0x0000000008008870        0x4
                0x0000000008008870                . = ALIGN (0x4)
                [!provide]                        PROVIDE (__fini_array_start = .)
 *(SORT_BY_NAME(.fini_array.*))
 *(.fini_array*)
 .fini_array    0x0000000008008870        0x4 c:/st/stm32cubeide_1.12.1/stm32cubeide/plugins/com.st.stm32cube.ide.mcu.externaltools.gnu-tools-for-stm32.10.3-2021.10.win32_1.0.200.202301161003/tools/bin/../lib/gcc/arm-none-eabi/10.3.1/thumb/v7e-m+fp/hard/crtbegin.o
                [!provide]                        PROVIDE (__fini_array_end = .)
                0x0000000008008874                . = ALIGN (0x4)
                0x0000000008008874                _sidata = LOADADDR (.data)

.data           0x0000000020000000       0x1c load address 0x0000000008008874
                0x0000000020000000                . = ALIGN (0x4)
                0x0000000020000000                _sdata = .
 *(.data)
 *(.data*)
 .data.SystemCoreClock
                0x0000000020000000        0x4 ./Core/Src/system_stm32f4xx.o
                0x0000000020000000                SystemCoreClock
 .data.uwTickPrio
                0x0000000020000004        0x4 ./Drivers/STM32F4xx_HAL_Driver/Src/stm32f4xx_hal.o
                0x0000000020000004                uwTickPrio
 .data.uwTickFreq
                0x0000000020000008        0x1 ./Drivers/STM32F4xx_HAL_Driver/Src/stm32f4xx_hal.o
                0x0000000020000008                uwTickFreq
 .data.Stat     0x0000000020000009        0x1 ./FATFS/Target/sd_diskio.o
 *fill*         0x000000002000000a        0x2 
 .data.Font_7x10
                0x000000002000000c        0x8 ./LCD28/fonts.o
                0x000000002000000c                Font_7x10
 .data.Font_11x18
                0x0000000020000014        0x8 ./LCD28/fonts.o
                0x0000000020000014                Font_11x18
 *(.RamFunc)
 *(.RamFunc*)
                0x000000002000001c                . = ALIGN (0x4)
                0x000000002000001c                _edata = .
                0x0000000008008890                _siccmram = LOADADDR (.ccmram)

.igot.plt       0x000000002000001c        0x0 load address 0x0000000008008890
 .igot.plt      0x000000002000001c        0x0 c:/st/stm32cubeide_1.12.1/stm32cubeide/plugins/com.st.stm32cube.ide.mcu.externaltools.gnu-tools-for-stm32.10.3-2021.10.win32_1.0.200.202301161003/tools/bin/../lib/gcc/arm-none-eabi/10.3.1/thumb/v7e-m+fp/hard/crtbegin.o

.ccmram         0x0000000010000000        0x0 load address 0x0000000008008890
                0x0000000010000000                . = ALIGN (0x4)
                0x0000000010000000                _sccmram = .
 *(.ccmram)
 *(.ccmram*)
                0x0000000010000000                . = ALIGN (0x4)
                0x0000000010000000                _eccmram = .
                0x0000000010000000                . = ALIGN (0x4)

.bss            0x000000002000001c      0x200
                0x000000002000001c                _sbss = .
                0x000000002000001c                __bss_start__ = _sbss
 *(.bss)
 .bss           0x000000002000001c       0x1c c:/st/stm32cubeide_1.12.1/stm32cubeide/plugins/com.st.stm32cube.ide.mcu.externaltools.gnu-tools-for-stm32.10.3-2021.10.win32_1.0.200.202301161003/tools/bin/../lib/gcc/arm-none-eabi/10.3.1/thumb/v7e-m+fp/hard/crtbegin.o
 *(.bss*)
 .bss.hsd       0x0000000020000038       0x84 ./Core/Src/main.o
                0x0000000020000038                hsd
 .bss.hdma_sdio_rx
                0x00000000200000bc       0x60 ./Core/Src/main.o
                0x00000000200000bc                hdma_sdio_rx
 .bss.hdma_sdio_tx
                0x000000002000011c       0x60 ./Core/Src/main.o
                0x000000002000011c                hdma_sdio_tx
 .bss.hspi1     0x000000002000017c       0x58 ./Core/Src/main.o
                0x000000002000017c                hspi1
 .bss.uwTick    0x00000000200001d4        0x4 ./Drivers/STM32F4xx_HAL_Driver/Src/stm32f4xx_hal.o
                0x00000000200001d4                uwTick
 .bss.retSD     0x00000000200001d8        0x1 ./FATFS/App/fatfs.o
                0x00000000200001d8                retSD
 *fill*         0x00000000200001d9        0x3 
 .bss.SDPath    0x00000000200001dc        0x4 ./FATFS/App/fatfs.o
                0x00000000200001dc                SDPath
 .bss.WriteStatus
                0x00000000200001e0        0x4 ./FATFS/Target/sd_diskio.o
 .bss.ReadStatus
                0x00000000200001e4        0x4 ./FATFS/Target/sd_diskio.o
 .bss.FatFs     0x00000000200001e8        0x4 ./Middlewares/Third_Party/FatFs/src/ff.o
 .bss.Fsid      0x00000000200001ec        0x2 ./Middlewares/Third_Party/FatFs/src/ff.o
 *fill*         0x00000000200001ee        0x2 
 .bss.Files     0x00000000200001f0       0x20 ./Middlewares/Third_Party/FatFs/src/ff.o
 .bss.disk      0x0000000020000210        0xc ./Middlewares/Third_Party/FatFs/src/ff_gen_drv.o
                0x0000000020000210                disk
 *(COMMON)
                0x000000002000021c                . = ALIGN (0x4)
                0x000000002000021c                _ebss = .
                0x000000002000021c                __bss_end__ = _ebss

._user_heap_stack
                0x000000002000021c      0xc04
                0x0000000020000220                . = ALIGN (0x8)
 *fill*         0x000000002000021c        0x4 
                [!provide]                        PROVIDE (end = .)
                0x0000000020000220                PROVIDE (_end = .)
                0x0000000020000620                . = (. + _Min_Heap_Size)
 *fill*         0x0000000020000220      0x400 
                0x0000000020000e20                . = (. + _Min_Stack_Size)
 *fill*         0x0000000020000620      0x800 
                0x0000000020000e20                . = ALIGN (0x8)

/DISCARD/
 libc.a(*)
 libm.a(*)
 libgcc.a(*)

.ARM.attributes
                0x0000000000000000       0x30
 *(.ARM.attributes)
 .ARM.attributes
                0x0000000000000000       0x1e c:/st/stm32cubeide_1.12.1/stm32cubeide/plugins/com.st.stm32cube.ide.mcu.externaltools.gnu-tools-for-stm32.10.3-2021.10.win32_1.0.200.202301161003/tools/bin/../lib/gcc/arm-none-eabi/10.3.1/thumb/v7e-m+fp/hard/crti.o
 .ARM.attributes
                0x000000000000001e       0x34 c:/st/stm32cubeide_1.12.1/stm32cubeide/plugins/com.st.stm32cube.ide.mcu.externaltools.gnu-tools-for-stm32.10.3-2021.10.win32_1.0.200.202301161003/tools/bin/../lib/gcc/arm-none-eabi/10.3.1/thumb/v7e-m+fp/hard/crtbegin.o
 .ARM.attributes
                0x0000000000000052       0x34 ./Core/Src/main.o
 .ARM.attributes
                0x0000000000000086       0x34 ./Core/Src/stm32f4xx_hal_msp.o
 .ARM.attributes
                0x00000000000000ba       0x34 ./Core/Src/stm32f4xx_it.o
 .ARM.attributes
                0x00000000000000ee       0x34 ./Core/Src/system_stm32f4xx.o
 .ARM.attributes
                0x0000000000000122       0x21 ./Core/Startup/startup_stm32f405rgtx.o
 .ARM.attributes
                0x0000000000000143       0x34 ./Drivers/STM32F4xx_HAL_Driver/Src/stm32f4xx_hal.o
 .ARM.attributes
                0x0000000000000177       0x34 ./Drivers/STM32F4xx_HAL_Driver/Src/stm32f4xx_hal_cortex.o
 .ARM.attributes
                0x00000000000001ab       0x34 ./Drivers/STM32F4xx_HAL_Driver/Src/stm32f4xx_hal_dma.o
 .ARM.attributes
                0x00000000000001df       0x34 ./Drivers/STM32F4xx_HAL_Driver/Src/stm32f4xx_hal_gpio.o
 .ARM.attributes
                0x0000000000000213       0x34 ./Drivers/STM32F4xx_HAL_Driver/Src/stm32f4xx_hal_rcc.o
 .ARM.attributes
                0x0000000000000247       0x34 ./Drivers/STM32F4xx_HAL_Driver/Src/stm32f4xx_hal_sd.o
 .ARM.attributes
                0x000000000000027b       0x34 ./Drivers/STM32F4xx_HAL_Driver/Src/stm32f4xx_hal_spi.o
 .ARM.attributes
                0x00000000000002af       0x34 ./Drivers/STM32F4xx_HAL_Driver/Src/stm32f4xx_ll_sdmmc.o
 .ARM.attributes
                0x00000000000002e3       0x34 ./FATFS/App/fatfs.o
 .ARM.attributes
                0x0000000000000317       0x34 ./FATFS/Target/bsp_driver_sd.o
 .ARM.attributes
                0x000000000000034b       0x34 ./FATFS/Target/sd_diskio.o
 .ARM.attributes
                0x000000000000037f       0x34 ./LCD28/fonts.o
 .ARM.attributes
                0x00000000000003b3       0x34 ./LCD28/lcd.o
 .ARM.attributes
                0x00000000000003e7       0x34 ./Middlewares/Third_Party/FatFs/src/diskio.o
 .ARM.attributes
                0x000000000000041b       0x34 ./Middlewares/Third_Party/FatFs/src/ff.o
 .ARM.attributes
                0x000000000000044f       0x34 ./Middlewares/Third_Party/FatFs/src/ff_gen_drv.o
 .ARM.attributes
                0x0000000000000483       0x34 c:/st/stm32cubeide_1.12.1/stm32cubeide/plugins/com.st.stm32cube.ide.mcu.externaltools.gnu-tools-for-stm32.10.3-2021.10.win32_1.0.200.202301161003/tools/bin/../lib/gcc/arm-none-eabi/10.3.1/../../../../arm-none-eabi/lib/thumb/v7e-m+fp/hard\libc_nano.a(lib_a-init.o)
 .ARM.attributes
                0x00000000000004b7       0x34 c:/st/stm32cubeide_1.12.1/stm32cubeide/plugins/com.st.stm32cube.ide.mcu.externaltools.gnu-tools-for-stm32.10.3-2021.10.win32_1.0.200.202301161003/tools/bin/../lib/gcc/arm-none-eabi/10.3.1/../../../../arm-none-eabi/lib/thumb/v7e-m+fp/hard\libc_nano.a(lib_a-memset.o)
 .ARM.attributes
                0x00000000000004eb       0x1e c:/st/stm32cubeide_1.12.1/stm32cubeide/plugins/com.st.stm32cube.ide.mcu.externaltools.gnu-tools-for-stm32.10.3-2021.10.win32_1.0.200.202301161003/tools/bin/../lib/gcc/arm-none-eabi/10.3.1/thumb/v7e-m+fp/hard\libgcc.a(_aeabi_uldivmod.o)
 .ARM.attributes
                0x0000000000000509       0x34 c:/st/stm32cubeide_1.12.1/stm32cubeide/plugins/com.st.stm32cube.ide.mcu.externaltools.gnu-tools-for-stm32.10.3-2021.10.win32_1.0.200.202301161003/tools/bin/../lib/gcc/arm-none-eabi/10.3.1/thumb/v7e-m+fp/hard\libgcc.a(_udivmoddi4.o)
 .ARM.attributes
                0x000000000000053d       0x1e c:/st/stm32cubeide_1.12.1/stm32cubeide/plugins/com.st.stm32cube.ide.mcu.externaltools.gnu-tools-for-stm32.10.3-2021.10.win32_1.0.200.202301161003/tools/bin/../lib/gcc/arm-none-eabi/10.3.1/thumb/v7e-m+fp/hard\libgcc.a(_dvmd_tls.o)
 .ARM.attributes
                0x000000000000055b       0x1e c:/st/stm32cubeide_1.12.1/stm32cubeide/plugins/com.st.stm32cube.ide.mcu.externaltools.gnu-tools-for-stm32.10.3-2021.10.win32_1.0.200.202301161003/tools/bin/../lib/gcc/arm-none-eabi/10.3.1/thumb/v7e-m+fp/hard/crtn.o
OUTPUT(TH_HTN.elf elf32-littlearm)
LOAD linker stubs
LOAD c:/st/stm32cubeide_1.12.1/stm32cubeide/plugins/com.st.stm32cube.ide.mcu.externaltools.gnu-tools-for-stm32.10.3-2021.10.win32_1.0.200.202301161003/tools/bin/../lib/gcc/arm-none-eabi/10.3.1/../../../../arm-none-eabi/lib/thumb/v7e-m+fp/hard\libc.a
LOAD c:/st/stm32cubeide_1.12.1/stm32cubeide/plugins/com.st.stm32cube.ide.mcu.externaltools.gnu-tools-for-stm32.10.3-2021.10.win32_1.0.200.202301161003/tools/bin/../lib/gcc/arm-none-eabi/10.3.1/../../../../arm-none-eabi/lib/thumb/v7e-m+fp/hard\libm.a
LOAD c:/st/stm32cubeide_1.12.1/stm32cubeide/plugins/com.st.stm32cube.ide.mcu.externaltools.gnu-tools-for-stm32.10.3-2021.10.win32_1.0.200.202301161003/tools/bin/../lib/gcc/arm-none-eabi/10.3.1/thumb/v7e-m+fp/hard\libgcc.a

.debug_info     0x0000000000000000     0xfde3
 .debug_info    0x0000000000000000     0x182f ./Core/Src/main.o
 .debug_info    0x000000000000182f      0xe70 ./Core/Src/stm32f4xx_hal_msp.o
 .debug_info    0x000000000000269f      0x40a ./Core/Src/stm32f4xx_it.o
 .debug_info    0x0000000000002aa9      0x523 ./Core/Src/system_stm32f4xx.o
 .debug_info    0x0000000000002fcc       0x22 ./Core/Startup/startup_stm32f405rgtx.o
 .debug_info    0x0000000000002fee      0x96a ./Drivers/STM32F4xx_HAL_Driver/Src/stm32f4xx_hal.o
 .debug_info    0x0000000000003958      0xe09 ./Drivers/STM32F4xx_HAL_Driver/Src/stm32f4xx_hal_cortex.o
 .debug_info    0x0000000000004761      0x94f ./Drivers/STM32F4xx_HAL_Driver/Src/stm32f4xx_hal_dma.o
 .debug_info    0x00000000000050b0      0x76a ./Drivers/STM32F4xx_HAL_Driver/Src/stm32f4xx_hal_gpio.o
 .debug_info    0x000000000000581a      0x966 ./Drivers/STM32F4xx_HAL_Driver/Src/stm32f4xx_hal_rcc.o
 .debug_info    0x0000000000006180     0x1d34 ./Drivers/STM32F4xx_HAL_Driver/Src/stm32f4xx_hal_sd.o
 .debug_info    0x0000000000007eb4     0x1758 ./Drivers/STM32F4xx_HAL_Driver/Src/stm32f4xx_hal_spi.o
 .debug_info    0x000000000000960c     0x11dd ./Drivers/STM32F4xx_HAL_Driver/Src/stm32f4xx_ll_sdmmc.o
 .debug_info    0x000000000000a7e9      0x507 ./FATFS/App/fatfs.o
 .debug_info    0x000000000000acf0      0xb37 ./FATFS/Target/bsp_driver_sd.o
 .debug_info    0x000000000000b827      0x59e ./FATFS/Target/sd_diskio.o
 .debug_info    0x000000000000bdc5      0x1fe ./LCD28/fonts.o
 .debug_info    0x000000000000bfc3     0x125b ./LCD28/lcd.o
 .debug_info    0x000000000000d21e      0x412 ./Middlewares/Third_Party/FatFs/src/diskio.o
 .debug_info    0x000000000000d630     0x240a ./Middlewares/Third_Party/FatFs/src/ff.o
 .debug_info    0x000000000000fa3a      0x3a9 ./Middlewares/Third_Party/FatFs/src/ff_gen_drv.o

.debug_abbrev   0x0000000000000000     0x291d
 .debug_abbrev  0x0000000000000000      0x32e ./Core/Src/main.o
 .debug_abbrev  0x000000000000032e      0x216 ./Core/Src/stm32f4xx_hal_msp.o
 .debug_abbrev  0x0000000000000544      0x15f ./Core/Src/stm32f4xx_it.o
 .debug_abbrev  0x00000000000006a3      0x116 ./Core/Src/system_stm32f4xx.o
 .debug_abbrev  0x00000000000007b9       0x12 ./Core/Startup/startup_stm32f405rgtx.o
 .debug_abbrev  0x00000000000007cb      0x20d ./Drivers/STM32F4xx_HAL_Driver/Src/stm32f4xx_hal.o
 .debug_abbrev  0x00000000000009d8      0x316 ./Drivers/STM32F4xx_HAL_Driver/Src/stm32f4xx_hal_cortex.o
 .debug_abbrev  0x0000000000000cee      0x25b ./Drivers/STM32F4xx_HAL_Driver/Src/stm32f4xx_hal_dma.o
 .debug_abbrev  0x0000000000000f49      0x1c4 ./Drivers/STM32F4xx_HAL_Driver/Src/stm32f4xx_hal_gpio.o
 .debug_abbrev  0x000000000000110d      0x2aa ./Drivers/STM32F4xx_HAL_Driver/Src/stm32f4xx_hal_rcc.o
 .debug_abbrev  0x00000000000013b7      0x288 ./Drivers/STM32F4xx_HAL_Driver/Src/stm32f4xx_hal_sd.o
 .debug_abbrev  0x000000000000163f      0x26e ./Drivers/STM32F4xx_HAL_Driver/Src/stm32f4xx_hal_spi.o
 .debug_abbrev  0x00000000000018ad      0x1ce ./Drivers/STM32F4xx_HAL_Driver/Src/stm32f4xx_ll_sdmmc.o
 .debug_abbrev  0x0000000000001a7b      0x15a ./FATFS/App/fatfs.o
 .debug_abbrev  0x0000000000001bd5      0x268 ./FATFS/Target/bsp_driver_sd.o
 .debug_abbrev  0x0000000000001e3d      0x21f ./FATFS/Target/sd_diskio.o
 .debug_abbrev  0x000000000000205c       0xcc ./LCD28/fonts.o
 .debug_abbrev  0x0000000000002128      0x27e ./LCD28/lcd.o
 .debug_abbrev  0x00000000000023a6      0x178 ./Middlewares/Third_Party/FatFs/src/diskio.o
 .debug_abbrev  0x000000000000251e      0x269 ./Middlewares/Third_Party/FatFs/src/ff.o
 .debug_abbrev  0x0000000000002787      0x196 ./Middlewares/Third_Party/FatFs/src/ff_gen_drv.o

.debug_aranges  0x0000000000000000      0xe28
 .debug_aranges
                0x0000000000000000       0x50 ./Core/Src/main.o
 .debug_aranges
                0x0000000000000050       0x40 ./Core/Src/stm32f4xx_hal_msp.o
 .debug_aranges
                0x0000000000000090       0x70 ./Core/Src/stm32f4xx_it.o
 .debug_aranges
                0x0000000000000100       0x28 ./Core/Src/system_stm32f4xx.o
 .debug_aranges
                0x0000000000000128       0x28 ./Core/Startup/startup_stm32f405rgtx.o
 .debug_aranges
                0x0000000000000150       0xf0 ./Drivers/STM32F4xx_HAL_Driver/Src/stm32f4xx_hal.o
 .debug_aranges
                0x0000000000000240      0x118 ./Drivers/STM32F4xx_HAL_Driver/Src/stm32f4xx_hal_cortex.o
 .debug_aranges
                0x0000000000000358       0x90 ./Drivers/STM32F4xx_HAL_Driver/Src/stm32f4xx_hal_dma.o
 .debug_aranges
                0x00000000000003e8       0x58 ./Drivers/STM32F4xx_HAL_Driver/Src/stm32f4xx_hal_gpio.o
 .debug_aranges
                0x0000000000000440       0x88 ./Drivers/STM32F4xx_HAL_Driver/Src/stm32f4xx_hal_rcc.o
 .debug_aranges
                0x00000000000004c8      0x168 ./Drivers/STM32F4xx_HAL_Driver/Src/stm32f4xx_hal_sd.o
 .debug_aranges
                0x0000000000000630      0x1d0 ./Drivers/STM32F4xx_HAL_Driver/Src/stm32f4xx_hal_spi.o
 .debug_aranges
                0x0000000000000800      0x188 ./Drivers/STM32F4xx_HAL_Driver/Src/stm32f4xx_ll_sdmmc.o
 .debug_aranges
                0x0000000000000988       0x28 ./FATFS/App/fatfs.o
 .debug_aranges
                0x00000000000009b0       0xa0 ./FATFS/Target/bsp_driver_sd.o
 .debug_aranges
                0x0000000000000a50       0x60 ./FATFS/Target/sd_diskio.o
 .debug_aranges
                0x0000000000000ab0       0x18 ./LCD28/fonts.o
 .debug_aranges
                0x0000000000000ac8       0xd0 ./LCD28/lcd.o
 .debug_aranges
                0x0000000000000b98       0x48 ./Middlewares/Third_Party/FatFs/src/diskio.o
 .debug_aranges
                0x0000000000000be0      0x208 ./Middlewares/Third_Party/FatFs/src/ff.o
 .debug_aranges
                0x0000000000000de8       0x40 ./Middlewares/Third_Party/FatFs/src/ff_gen_drv.o

.debug_ranges   0x0000000000000000      0xcd8
 .debug_ranges  0x0000000000000000       0x40 ./Core/Src/main.o
 .debug_ranges  0x0000000000000040       0x30 ./Core/Src/stm32f4xx_hal_msp.o
 .debug_ranges  0x0000000000000070       0x60 ./Core/Src/stm32f4xx_it.o
 .debug_ranges  0x00000000000000d0       0x18 ./Core/Src/system_stm32f4xx.o
 .debug_ranges  0x00000000000000e8       0x20 ./Core/Startup/startup_stm32f405rgtx.o
 .debug_ranges  0x0000000000000108       0xe0 ./Drivers/STM32F4xx_HAL_Driver/Src/stm32f4xx_hal.o
 .debug_ranges  0x00000000000001e8      0x108 ./Drivers/STM32F4xx_HAL_Driver/Src/stm32f4xx_hal_cortex.o
 .debug_ranges  0x00000000000002f0       0x80 ./Drivers/STM32F4xx_HAL_Driver/Src/stm32f4xx_hal_dma.o
 .debug_ranges  0x0000000000000370       0x48 ./Drivers/STM32F4xx_HAL_Driver/Src/stm32f4xx_hal_gpio.o
 .debug_ranges  0x00000000000003b8       0x78 ./Drivers/STM32F4xx_HAL_Driver/Src/stm32f4xx_hal_rcc.o
 .debug_ranges  0x0000000000000430      0x158 ./Drivers/STM32F4xx_HAL_Driver/Src/stm32f4xx_hal_sd.o
 .debug_ranges  0x0000000000000588      0x1c0 ./Drivers/STM32F4xx_HAL_Driver/Src/stm32f4xx_hal_spi.o
 .debug_ranges  0x0000000000000748      0x178 ./Drivers/STM32F4xx_HAL_Driver/Src/stm32f4xx_ll_sdmmc.o
 .debug_ranges  0x00000000000008c0       0x18 ./FATFS/App/fatfs.o
 .debug_ranges  0x00000000000008d8       0x90 ./FATFS/Target/bsp_driver_sd.o
 .debug_ranges  0x0000000000000968       0x50 ./FATFS/Target/sd_diskio.o
 .debug_ranges  0x00000000000009b8       0xc0 ./LCD28/lcd.o
 .debug_ranges  0x0000000000000a78       0x38 ./Middlewares/Third_Party/FatFs/src/diskio.o
 .debug_ranges  0x0000000000000ab0      0x1f8 ./Middlewares/Third_Party/FatFs/src/ff.o
 .debug_ranges  0x0000000000000ca8       0x30 ./Middlewares/Third_Party/FatFs/src/ff_gen_drv.o

.debug_macro    0x0000000000000000    0x21072
 .debug_macro   0x0000000000000000      0x41a ./Core/Src/main.o
 .debug_macro   0x000000000000041a      0xa78 ./Core/Src/main.o
 .debug_macro   0x0000000000000e92      0x29b ./Core/Src/main.o
 .debug_macro   0x000000000000112d       0x2e ./Core/Src/main.o
 .debug_macro   0x000000000000115b       0x2f ./Core/Src/main.o
 .debug_macro   0x000000000000118a       0x22 ./Core/Src/main.o
 .debug_macro   0x00000000000011ac       0x8e ./Core/Src/main.o
 .debug_macro   0x000000000000123a       0x51 ./Core/Src/main.o
 .debug_macro   0x000000000000128b      0x103 ./Core/Src/main.o
 .debug_macro   0x000000000000138e       0x6a ./Core/Src/main.o
 .debug_macro   0x00000000000013f8      0x1df ./Core/Src/main.o
 .debug_macro   0x00000000000015d7       0x1c ./Core/Src/main.o
 .debug_macro   0x00000000000015f3       0x22 ./Core/Src/main.o
 .debug_macro   0x0000000000001615       0xd9 ./Core/Src/main.o
 .debug_macro   0x00000000000016ee     0x102d ./Core/Src/main.o
 .debug_macro   0x000000000000271b      0x11f ./Core/Src/main.o
 .debug_macro   0x000000000000283a    0x1426d ./Core/Src/main.o
 .debug_macro   0x0000000000016aa7       0x6d ./Core/Src/main.o
 .debug_macro   0x0000000000016b14     0x367e ./Core/Src/main.o
 .debug_macro   0x000000000001a192      0x174 ./Core/Src/main.o
 .debug_macro   0x000000000001a306       0x5c ./Core/Src/main.o
 .debug_macro   0x000000000001a362      0x8a7 ./Core/Src/main.o
 .debug_macro   0x000000000001ac09      0x9fe ./Core/Src/main.o
 .debug_macro   0x000000000001b607      0x115 ./Core/Src/main.o
 .debug_macro   0x000000000001b71c      0x130 ./Core/Src/main.o
 .debug_macro   0x000000000001b84c       0xa5 ./Core/Src/main.o
 .debug_macro   0x000000000001b8f1      0x174 ./Core/Src/main.o
 .debug_macro   0x000000000001ba65      0x287 ./Core/Src/main.o
 .debug_macro   0x000000000001bcec       0x5f ./Core/Src/main.o
 .debug_macro   0x000000000001bd4b      0x236 ./Core/Src/main.o
 .debug_macro   0x000000000001bf81      0x12c ./Core/Src/main.o
 .debug_macro   0x000000000001c0ad      0x21e ./Core/Src/main.o
 .debug_macro   0x000000000001c2cb       0x2e ./Core/Src/main.o
 .debug_macro   0x000000000001c2f9      0x11a ./Core/Src/main.o
 .debug_macro   0x000000000001c413       0x7e ./Core/Src/main.o
 .debug_macro   0x000000000001c491       0x89 ./Core/Src/main.o
 .debug_macro   0x000000000001c51a      0x861 ./Core/Src/main.o
 .debug_macro   0x000000000001cd7b      0x1d5 ./Core/Src/main.o
 .debug_macro   0x000000000001cf50      0x225 ./Core/Src/main.o
 .debug_macro   0x000000000001d175      0x12d ./Core/Src/main.o
 .debug_macro   0x000000000001d2a2       0x34 ./Core/Src/main.o
 .debug_macro   0x000000000001d2d6       0x3a ./Core/Src/main.o
 .debug_macro   0x000000000001d310       0xe5 ./Core/Src/main.o
 .debug_macro   0x000000000001d3f5       0x1e ./Core/Src/main.o
 .debug_macro   0x000000000001d413       0x52 ./Core/Src/main.o
 .debug_macro   0x000000000001d465       0x3c ./Core/Src/main.o
 .debug_macro   0x000000000001d4a1       0x34 ./Core/Src/main.o
 .debug_macro   0x000000000001d4d5       0x16 ./Core/Src/main.o
 .debug_macro   0x000000000001d4eb       0x35 ./Core/Src/main.o
 .debug_macro   0x000000000001d520       0x16 ./Core/Src/main.o
 .debug_macro   0x000000000001d536       0x43 ./Core/Src/main.o
 .debug_macro   0x000000000001d579       0x34 ./Core/Src/main.o
 .debug_macro   0x000000000001d5ad       0x10 ./Core/Src/main.o
 .debug_macro   0x000000000001d5bd       0x58 ./Core/Src/main.o
 .debug_macro   0x000000000001d615       0x71 ./Core/Src/main.o
 .debug_macro   0x000000000001d686       0x1c ./Core/Src/main.o
 .debug_macro   0x000000000001d6a2      0x12a ./Core/Src/main.o
 .debug_macro   0x000000000001d7cc      0x341 ./Core/Src/main.o
 .debug_macro   0x000000000001db0d       0x16 ./Core/Src/main.o
 .debug_macro   0x000000000001db23       0x29 ./Core/Src/main.o
 .debug_macro   0x000000000001db4c       0x12 ./Core/Src/main.o
 .debug_macro   0x000000000001db5e       0xe2 ./Core/Src/main.o
 .debug_macro   0x000000000001dc40       0x8e ./Core/Src/main.o
 .debug_macro   0x000000000001dcce      0x224 ./Core/Src/main.o
 .debug_macro   0x000000000001def2       0x16 ./Core/Src/main.o
 .debug_macro   0x000000000001df08       0x20 ./Core/Src/main.o
 .debug_macro   0x000000000001df28       0x1c ./Core/Src/main.o
 .debug_macro   0x000000000001df44       0x10 ./Core/Src/main.o
 .debug_macro   0x000000000001df54       0x10 ./Core/Src/main.o
 .debug_macro   0x000000000001df64       0x1c ./Core/Src/main.o
 .debug_macro   0x000000000001df80       0x52 ./Core/Src/main.o
 .debug_macro   0x000000000001dfd2       0x22 ./Core/Src/main.o
 .debug_macro   0x000000000001dff4       0x10 ./Core/Src/main.o
 .debug_macro   0x000000000001e004       0x52 ./Core/Src/main.o
 .debug_macro   0x000000000001e056       0xd5 ./Core/Src/main.o
 .debug_macro   0x000000000001e12b       0x1c ./Core/Src/main.o
 .debug_macro   0x000000000001e147       0x3d ./Core/Src/main.o
 .debug_macro   0x000000000001e184       0x16 ./Core/Src/main.o
 .debug_macro   0x000000000001e19a      0x145 ./Core/Src/main.o
 .debug_macro   0x000000000001e2df      0x1e2 ./Core/Src/stm32f4xx_hal_msp.o
 .debug_macro   0x000000000001e4c1      0x1ec ./Core/Src/stm32f4xx_it.o
 .debug_macro   0x000000000001e6ad      0x1d3 ./Core/Src/system_stm32f4xx.o
 .debug_macro   0x000000000001e880      0x233 ./Drivers/STM32F4xx_HAL_Driver/Src/stm32f4xx_hal.o
 .debug_macro   0x000000000001eab3      0x1d3 ./Drivers/STM32F4xx_HAL_Driver/Src/stm32f4xx_hal_cortex.o
 .debug_macro   0x000000000001ec86      0x1d9 ./Drivers/STM32F4xx_HAL_Driver/Src/stm32f4xx_hal_dma.o
 .debug_macro   0x000000000001ee5f      0x1d9 ./Drivers/STM32F4xx_HAL_Driver/Src/stm32f4xx_hal_gpio.o
 .debug_macro   0x000000000001f038      0x1f7 ./Drivers/STM32F4xx_HAL_Driver/Src/stm32f4xx_hal_rcc.o
 .debug_macro   0x000000000001f22f      0x1d4 ./Drivers/STM32F4xx_HAL_Driver/Src/stm32f4xx_hal_sd.o
 .debug_macro   0x000000000001f403      0x1e2 ./Drivers/STM32F4xx_HAL_Driver/Src/stm32f4xx_hal_spi.o
 .debug_macro   0x000000000001f5e5      0x1d4 ./Drivers/STM32F4xx_HAL_Driver/Src/stm32f4xx_ll_sdmmc.o
 .debug_macro   0x000000000001f7b9      0x310 ./FATFS/App/fatfs.o
 .debug_macro   0x000000000001fac9      0x1e2 ./FATFS/Target/bsp_driver_sd.o
 .debug_macro   0x000000000001fcab       0x34 ./FATFS/Target/bsp_driver_sd.o
 .debug_macro   0x000000000001fcdf      0x343 ./FATFS/Target/sd_diskio.o
 .debug_macro   0x0000000000020022       0x16 ./FATFS/Target/sd_diskio.o
 .debug_macro   0x0000000000020038       0x7c ./FATFS/Target/sd_diskio.o
 .debug_macro   0x00000000000200b4       0x6d ./LCD28/fonts.o
 .debug_macro   0x0000000000020121      0x1fb ./LCD28/lcd.o
 .debug_macro   0x000000000002031c      0x2fd ./Middlewares/Third_Party/FatFs/src/diskio.o
 .debug_macro   0x0000000000020619      0x704 ./Middlewares/Third_Party/FatFs/src/ff.o
 .debug_macro   0x0000000000020d1d       0x58 ./Middlewares/Third_Party/FatFs/src/ff.o
 .debug_macro   0x0000000000020d75      0x2fd ./Middlewares/Third_Party/FatFs/src/ff_gen_drv.o

.debug_line     0x0000000000000000    0x11e07
 .debug_line    0x0000000000000000      0xb51 ./Core/Src/main.o
 .debug_line    0x0000000000000b51      0x7ee ./Core/Src/stm32f4xx_hal_msp.o
 .debug_line    0x000000000000133f      0x7b2 ./Core/Src/stm32f4xx_it.o
 .debug_line    0x0000000000001af1      0x741 ./Core/Src/system_stm32f4xx.o
 .debug_line    0x0000000000002232       0x88 ./Core/Startup/startup_stm32f405rgtx.o
 .debug_line    0x00000000000022ba      0x9a7 ./Drivers/STM32F4xx_HAL_Driver/Src/stm32f4xx_hal.o
 .debug_line    0x0000000000002c61      0xc56 ./Drivers/STM32F4xx_HAL_Driver/Src/stm32f4xx_hal_cortex.o
 .debug_line    0x00000000000038b7      0xf0b ./Drivers/STM32F4xx_HAL_Driver/Src/stm32f4xx_hal_dma.o
 .debug_line    0x00000000000047c2      0xb1b ./Drivers/STM32F4xx_HAL_Driver/Src/stm32f4xx_hal_gpio.o
 .debug_line    0x00000000000052dd      0xd21 ./Drivers/STM32F4xx_HAL_Driver/Src/stm32f4xx_hal_rcc.o
 .debug_line    0x0000000000005ffe     0x1dd4 ./Drivers/STM32F4xx_HAL_Driver/Src/stm32f4xx_hal_sd.o
 .debug_line    0x0000000000007dd2     0x1c31 ./Drivers/STM32F4xx_HAL_Driver/Src/stm32f4xx_hal_spi.o
 .debug_line    0x0000000000009a03      0xf3a ./Drivers/STM32F4xx_HAL_Driver/Src/stm32f4xx_ll_sdmmc.o
 .debug_line    0x000000000000a93d      0x8bd ./FATFS/App/fatfs.o
 .debug_line    0x000000000000b1fa      0x884 ./FATFS/Target/bsp_driver_sd.o
 .debug_line    0x000000000000ba7e      0xace ./FATFS/Target/sd_diskio.o
 .debug_line    0x000000000000c54c      0x378 ./LCD28/fonts.o
 .debug_line    0x000000000000c8c4      0xd69 ./LCD28/lcd.o
 .debug_line    0x000000000000d62d      0x92e ./Middlewares/Third_Party/FatFs/src/diskio.o
 .debug_line    0x000000000000df5b     0x3560 ./Middlewares/Third_Party/FatFs/src/ff.o
 .debug_line    0x00000000000114bb      0x94c ./Middlewares/Third_Party/FatFs/src/ff_gen_drv.o

.debug_str      0x0000000000000000    0xbeddc
 .debug_str     0x0000000000000000    0xbb4bb ./Core/Src/main.o
                                      0xbb862 (size before relaxing)
 .debug_str     0x00000000000bb4bb       0x9f ./Core/Src/stm32f4xx_hal_msp.o
                                      0xb629b (size before relaxing)
 .debug_str     0x00000000000bb55a      0x10c ./Core/Src/stm32f4xx_it.o
                                      0xb5d45 (size before relaxing)
 .debug_str     0x00000000000bb666       0xdb ./Core/Src/system_stm32f4xx.o
                                      0xb5afc (size before relaxing)
 .debug_str     0x00000000000bb741       0x36 ./Core/Startup/startup_stm32f405rgtx.o
                                         0x61 (size before relaxing)
 .debug_str     0x00000000000bb777      0x5fe ./Drivers/STM32F4xx_HAL_Driver/Src/stm32f4xx_hal.o
                                      0xb665f (size before relaxing)
 .debug_str     0x00000000000bbd75      0x341 ./Drivers/STM32F4xx_HAL_Driver/Src/stm32f4xx_hal_cortex.o
                                      0xb6392 (size before relaxing)
 .debug_str     0x00000000000bc0b6      0x2eb ./Drivers/STM32F4xx_HAL_Driver/Src/stm32f4xx_hal_dma.o
                                      0xb5f16 (size before relaxing)
 .debug_str     0x00000000000bc3a1      0x121 ./Drivers/STM32F4xx_HAL_Driver/Src/stm32f4xx_hal_gpio.o
                                      0xb5c77 (size before relaxing)
 .debug_str     0x00000000000bc4c2      0x233 ./Drivers/STM32F4xx_HAL_Driver/Src/stm32f4xx_hal_rcc.o
                                      0xb5f30 (size before relaxing)
 .debug_str     0x00000000000bc6f5      0x91a ./Drivers/STM32F4xx_HAL_Driver/Src/stm32f4xx_hal_sd.o
                                      0xb6875 (size before relaxing)
 .debug_str     0x00000000000bd00f      0x562 ./Drivers/STM32F4xx_HAL_Driver/Src/stm32f4xx_hal_spi.o
                                      0xb63c0 (size before relaxing)
 .debug_str     0x00000000000bd571      0x227 ./Drivers/STM32F4xx_HAL_Driver/Src/stm32f4xx_ll_sdmmc.o
                                      0xb5f83 (size before relaxing)
 .debug_str     0x00000000000bd798       0xe7 ./FATFS/App/fatfs.o
                                      0xb9172 (size before relaxing)
 .debug_str     0x00000000000bd87f      0x164 ./FATFS/Target/bsp_driver_sd.o
                                      0xb616d (size before relaxing)
 .debug_str     0x00000000000bd9e3       0xcf ./FATFS/Target/sd_diskio.o
                                      0xb92a9 (size before relaxing)
 .debug_str     0x00000000000bdab2       0x3f ./LCD28/fonts.o
                                       0x3c81 (size before relaxing)
 .debug_str     0x00000000000bdaf1      0x21c ./LCD28/lcd.o
                                      0xb6839 (size before relaxing)
 .debug_str     0x00000000000bdd0d       0x57 ./Middlewares/Third_Party/FatFs/src/diskio.o
                                      0xb9087 (size before relaxing)
 .debug_str     0x00000000000bdd64      0xfe7 ./Middlewares/Third_Party/FatFs/src/ff.o
                                      0xba2ee (size before relaxing)
 .debug_str     0x00000000000bed4b       0x91 ./Middlewares/Third_Party/FatFs/src/ff_gen_drv.o
                                      0xb90d8 (size before relaxing)

.comment        0x0000000000000000       0x50
 .comment       0x0000000000000000       0x50 ./Core/Src/main.o
                                         0x51 (size before relaxing)
 .comment       0x0000000000000050       0x51 ./Core/Src/stm32f4xx_hal_msp.o
 .comment       0x0000000000000050       0x51 ./Core/Src/stm32f4xx_it.o
 .comment       0x0000000000000050       0x51 ./Core/Src/system_stm32f4xx.o
 .comment       0x0000000000000050       0x51 ./Drivers/STM32F4xx_HAL_Driver/Src/stm32f4xx_hal.o
 .comment       0x0000000000000050       0x51 ./Drivers/STM32F4xx_HAL_Driver/Src/stm32f4xx_hal_cortex.o
 .comment       0x0000000000000050       0x51 ./Drivers/STM32F4xx_HAL_Driver/Src/stm32f4xx_hal_dma.o
 .comment       0x0000000000000050       0x51 ./Drivers/STM32F4xx_HAL_Driver/Src/stm32f4xx_hal_gpio.o
 .comment       0x0000000000000050       0x51 ./Drivers/STM32F4xx_HAL_Driver/Src/stm32f4xx_hal_rcc.o
 .comment       0x0000000000000050       0x51 ./Drivers/STM32F4xx_HAL_Driver/Src/stm32f4xx_hal_sd.o
 .comment       0x0000000000000050       0x51 ./Drivers/STM32F4xx_HAL_Driver/Src/stm32f4xx_hal_spi.o
 .comment       0x0000000000000050       0x51 ./Drivers/STM32F4xx_HAL_Driver/Src/stm32f4xx_ll_sdmmc.o
 .comment       0x0000000000000050       0x51 ./FATFS/App/fatfs.o
 .comment       0x0000000000000050       0x51 ./FATFS/Target/bsp_driver_sd.o
 .comment       0x0000000000000050       0x51 ./FATFS/Target/sd_diskio.o
 .comment       0x0000000000000050       0x51 ./LCD28/fonts.o
 .comment       0x0000000000000050       0x51 ./LCD28/lcd.o
 .comment       0x0000000000000050       0x51 ./Middlewares/Third_Party/FatFs/src/diskio.o
 .comment       0x0000000000000050       0x51 ./Middlewares/Third_Party/FatFs/src/ff.o
 .comment       0x0000000000000050       0x51 ./Middlewares/Third_Party/FatFs/src/ff_gen_drv.o

.debug_frame    0x0000000000000000     0x3968
 .debug_frame   0x0000000000000000       0xf4 ./Core/Src/main.o
 .debug_frame   0x00000000000000f4       0xc8 ./Core/Src/stm32f4xx_hal_msp.o
 .debug_frame   0x00000000000001bc      0x13c ./Core/Src/stm32f4xx_it.o
 .debug_frame   0x00000000000002f8       0x58 ./Core/Src/system_stm32f4xx.o
 .debug_frame   0x0000000000000350      0x374 ./Drivers/STM32F4xx_HAL_Driver/Src/stm32f4xx_hal.o
 .debug_frame   0x00000000000006c4      0x498 ./Drivers/STM32F4xx_HAL_Driver/Src/stm32f4xx_hal_cortex.o
 .debug_frame   0x0000000000000b5c      0x250 ./Drivers/STM32F4xx_HAL_Driver/Src/stm32f4xx_hal_dma.o
 .debug_frame   0x0000000000000dac      0x14c ./Drivers/STM32F4xx_HAL_Driver/Src/stm32f4xx_hal_gpio.o
 .debug_frame   0x0000000000000ef8      0x1f4 ./Drivers/STM32F4xx_HAL_Driver/Src/stm32f4xx_hal_rcc.o
 .debug_frame   0x00000000000010ec      0x650 ./Drivers/STM32F4xx_HAL_Driver/Src/stm32f4xx_hal_sd.o
 .debug_frame   0x000000000000173c      0x824 ./Drivers/STM32F4xx_HAL_Driver/Src/stm32f4xx_hal_spi.o
 .debug_frame   0x0000000000001f60      0x6d0 ./Drivers/STM32F4xx_HAL_Driver/Src/stm32f4xx_ll_sdmmc.o
 .debug_frame   0x0000000000002630       0x4c ./FATFS/App/fatfs.o
 .debug_frame   0x000000000000267c      0x25c ./FATFS/Target/bsp_driver_sd.o
 .debug_frame   0x00000000000028d8      0x14c ./FATFS/Target/sd_diskio.o
 .debug_frame   0x0000000000002a24      0x398 ./LCD28/lcd.o
 .debug_frame   0x0000000000002dbc       0xec ./Middlewares/Third_Party/FatFs/src/diskio.o
 .debug_frame   0x0000000000002ea8      0x94c ./Middlewares/Third_Party/FatFs/src/ff.o
 .debug_frame   0x00000000000037f4       0xc8 ./Middlewares/Third_Party/FatFs/src/ff_gen_drv.o
 .debug_frame   0x00000000000038bc       0x2c c:/st/stm32cubeide_1.12.1/stm32cubeide/plugins/com.st.stm32cube.ide.mcu.externaltools.gnu-tools-for-stm32.10.3-2021.10.win32_1.0.200.202301161003/tools/bin/../lib/gcc/arm-none-eabi/10.3.1/../../../../arm-none-eabi/lib/thumb/v7e-m+fp/hard\libc_nano.a(lib_a-init.o)
 .debug_frame   0x00000000000038e8       0x20 c:/st/stm32cubeide_1.12.1/stm32cubeide/plugins/com.st.stm32cube.ide.mcu.externaltools.gnu-tools-for-stm32.10.3-2021.10.win32_1.0.200.202301161003/tools/bin/../lib/gcc/arm-none-eabi/10.3.1/../../../../arm-none-eabi/lib/thumb/v7e-m+fp/hard\libc_nano.a(lib_a-memset.o)
 .debug_frame   0x0000000000003908       0x2c c:/st/stm32cubeide_1.12.1/stm32cubeide/plugins/com.st.stm32cube.ide.mcu.externaltools.gnu-tools-for-stm32.10.3-2021.10.win32_1.0.200.202301161003/tools/bin/../lib/gcc/arm-none-eabi/10.3.1/thumb/v7e-m+fp/hard\libgcc.a(_aeabi_uldivmod.o)
 .debug_frame   0x0000000000003934       0x34 c:/st/stm32cubeide_1.12.1/stm32cubeide/plugins/com.st.stm32cube.ide.mcu.externaltools.gnu-tools-for-stm32.10.3-2021.10.win32_1.0.200.202301161003/tools/bin/../lib/gcc/arm-none-eabi/10.3.1/thumb/v7e-m+fp/hard\libgcc.a(_udivmoddi4.o)
